
> @ai-village/game-engine@0.1.0 test
> vitest run


 RUN  v1.6.1 /Users/annhoward/src/ai_village/custom_game_engine

 ✓ packages/core/src/metrics/events/__tests__/MetricEvents.test.ts  (26 tests) 5ms
 ✓ packages/core/src/buildings/__tests__/BuildingDefinitions.test.ts  (44 tests) 9ms
 ✓ packages/renderer/src/__tests__/DragDropSystem.test.ts  (29 tests) 8ms
 ✓ packages/core/src/__tests__/AnimalHousingCleanliness.test.ts  (24 tests) 4ms
stdout | packages/core/src/actions/__tests__/TillAction.test.ts > Tilling Action > Basic Tilling Success > should change grass tile to dirt terrain
[SoilSystem] ===== TILLING TILE AT (5, 5) =====
[SoilSystem] Current tile state: {
  terrain: 'grass',
  tilled: false,
  biome: 'plains',
  fertility: 0,
  moisture: 50,
  plantability: 0
}
[SoilSystem] ✅ Validation passed - proceeding with tilling
[SoilSystem] ℹ️ MANUAL TILLING (keyboard shortcut T) - Using HANDS by default (50% efficiency, 20s duration)
[SoilSystem] 💡 TIP: To use agent tools, SELECT AN AGENT FIRST, then press T
[SoilSystem] 🔨 Available tools: HOE (100% efficiency, 10s) > SHOVEL (80%, 12.5s) > HANDS (50%, 20s)
[SoilSystem] Tool: hands, Estimated duration: 20.0s (efficiency: 50%)
[SoilSystem] Changed terrain: grass → dirt
[SoilSystem] Set fertility based on biome 'plains': 0.00 → 79.10
[SoilSystem] Set tile as plantable: tilled=true, plantability=3/3 uses
[SoilSystem] Initialized nutrients (NPK): { nitrogen: '79.10', phosphorus: '63.28', potassium: '71.19' }
[SoilSystem] Emitting soil:tilled event: {
  type: 'soil:tilled',
  source: 'soil-system',
  data: {
    position: { x: 5, y: 5 },
    fertility: 79.09687039349126,
    biome: 'plains'
  }
}
[SoilSystem] ===== TILLING COMPLETE =====

stdout | packages/core/src/actions/__tests__/TillAction.test.ts > Tilling Action > Basic Tilling Success > should set tilled flag to true
[SoilSystem] ===== TILLING TILE AT (5, 5) =====
[SoilSystem] Current tile state: {
  terrain: 'grass',
  tilled: false,
  biome: 'plains',
  fertility: 0,
  moisture: 50,
  plantability: 0
}
[SoilSystem] ✅ Validation passed - proceeding with tilling
[SoilSystem] ℹ️ MANUAL TILLING (keyboard shortcut T) - Using HANDS by default (50% efficiency, 20s duration)
[SoilSystem] 💡 TIP: To use agent tools, SELECT AN AGENT FIRST, then press T
[SoilSystem] 🔨 Available tools: HOE (100% efficiency, 10s) > SHOVEL (80%, 12.5s) > HANDS (50%, 20s)
[SoilSystem] Tool: hands, Estimated duration: 20.0s (efficiency: 50%)
[SoilSystem] Changed terrain: grass → dirt
[SoilSystem] Set fertility based on biome 'plains': 0.00 → 76.82
[SoilSystem] Set tile as plantable: tilled=true, plantability=3/3 uses
[SoilSystem] Initialized nutrients (NPK): { nitrogen: '76.82', phosphorus: '61.46', potassium: '69.14' }
[SoilSystem] Emitting soil:tilled event: {
  type: 'soil:tilled',
  source: 'soil-system',
  data: {
    position: { x: 5, y: 5 },
    fertility: 76.81902891948653,
    biome: 'plains'
  }
}
[SoilSystem] ===== TILLING COMPLETE =====

stdout | packages/core/src/actions/__tests__/TillAction.test.ts > Tilling Action > Basic Tilling Success > should set plantability counter to 3
[SoilSystem] ===== TILLING TILE AT (5, 5) =====
[SoilSystem] Current tile state: {
  terrain: 'grass',
  tilled: false,
  biome: 'plains',
  fertility: 0,
  moisture: 50,
  plantability: 0
}
[SoilSystem] ✅ Validation passed - proceeding with tilling
[SoilSystem] ℹ️ MANUAL TILLING (keyboard shortcut T) - Using HANDS by default (50% efficiency, 20s duration)
[SoilSystem] 💡 TIP: To use agent tools, SELECT AN AGENT FIRST, then press T
[SoilSystem] 🔨 Available tools: HOE (100% efficiency, 10s) > SHOVEL (80%, 12.5s) > HANDS (50%, 20s)
[SoilSystem] Tool: hands, Estimated duration: 20.0s (efficiency: 50%)
[SoilSystem] Changed terrain: grass → dirt
[SoilSystem] Set fertility based on biome 'plains': 0.00 → 76.15
[SoilSystem] Set tile as plantable: tilled=true, plantability=3/3 uses
[SoilSystem] Initialized nutrients (NPK): { nitrogen: '76.15', phosphorus: '60.92', potassium: '68.54' }
[SoilSystem] Emitting soil:tilled event: {
  type: 'soil:tilled',
  source: 'soil-system',
  data: {
    position: { x: 5, y: 5 },
    fertility: 76.15215641939196,
    biome: 'plains'
  }
}
[SoilSystem] ===== TILLING COMPLETE =====

stdout | packages/core/src/actions/__tests__/TillAction.test.ts > Tilling Action > Basic Tilling Success > should set fertility based on biome
[SoilSystem] ===== TILLING TILE AT (5, 5) =====
[SoilSystem] Current tile state: {
  terrain: 'grass',
  tilled: false,
  biome: 'plains',
  fertility: 0,
  moisture: 50,
  plantability: 0
}
[SoilSystem] ✅ Validation passed - proceeding with tilling
[SoilSystem] ℹ️ MANUAL TILLING (keyboard shortcut T) - Using HANDS by default (50% efficiency, 20s duration)
[SoilSystem] 💡 TIP: To use agent tools, SELECT AN AGENT FIRST, then press T
[SoilSystem] 🔨 Available tools: HOE (100% efficiency, 10s) > SHOVEL (80%, 12.5s) > HANDS (50%, 20s)
[SoilSystem] Tool: hands, Estimated duration: 20.0s (efficiency: 50%)
[SoilSystem] Changed terrain: grass → dirt
[SoilSystem] Set fertility based on biome 'plains': 0.00 → 76.78
[SoilSystem] Set tile as plantable: tilled=true, plantability=3/3 uses
[SoilSystem] Initialized nutrients (NPK): { nitrogen: '76.78', phosphorus: '61.42', potassium: '69.10' }
[SoilSystem] Emitting soil:tilled event: {
  type: 'soil:tilled',
  source: 'soil-system',
  data: {
    position: { x: 5, y: 5 },
    fertility: 76.77719905304693,
    biome: 'plains'
  }
}
[SoilSystem] ===== TILLING COMPLETE =====

stdout | packages/core/src/actions/__tests__/TillAction.test.ts > Tilling Action > Basic Tilling Success > should initialize nutrients (N, P, K) based on fertility
[SoilSystem] ===== TILLING TILE AT (5, 5) =====
[SoilSystem] Current tile state: {
  terrain: 'grass',
  tilled: false,
  biome: 'plains',
  fertility: 0,
  moisture: 50,
  plantability: 0
}
[SoilSystem] ✅ Validation passed - proceeding with tilling
[SoilSystem] ℹ️ MANUAL TILLING (keyboard shortcut T) - Using HANDS by default (50% efficiency, 20s duration)
[SoilSystem] 💡 TIP: To use agent tools, SELECT AN AGENT FIRST, then press T
[SoilSystem] 🔨 Available tools: HOE (100% efficiency, 10s) > SHOVEL (80%, 12.5s) > HANDS (50%, 20s)
[SoilSystem] Tool: hands, Estimated duration: 20.0s (efficiency: 50%)
[SoilSystem] Changed terrain: grass → dirt
[SoilSystem] Set fertility based on biome 'plains': 0.00 → 76.41
[SoilSystem] Set tile as plantable: tilled=true, plantability=3/3 uses
[SoilSystem] Initialized nutrients (NPK): { nitrogen: '76.41', phosphorus: '61.13', potassium: '68.77' }
[SoilSystem] Emitting soil:tilled event: {
  type: 'soil:tilled',
  source: 'soil-system',
  data: {
    position: { x: 5, y: 5 },
    fertility: 76.41476700180658,
    biome: 'plains'
  }
}
[SoilSystem] ===== TILLING COMPLETE =====

stdout | packages/core/src/actions/__tests__/TillAction.test.ts > Tilling Action > Valid Terrain Tilling > should allow tilling grass terrain
[SoilSystem] ===== TILLING TILE AT (5, 5) =====
[SoilSystem] Current tile state: {
  terrain: 'grass',
  tilled: false,
  biome: 'plains',
  fertility: 0,
  moisture: 50,
  plantability: 0
}
[SoilSystem] ✅ Validation passed - proceeding with tilling
[SoilSystem] ℹ️ MANUAL TILLING (keyboard shortcut T) - Using HANDS by default (50% efficiency, 20s duration)
[SoilSystem] 💡 TIP: To use agent tools, SELECT AN AGENT FIRST, then press T
[SoilSystem] 🔨 Available tools: HOE (100% efficiency, 10s) > SHOVEL (80%, 12.5s) > HANDS (50%, 20s)
[SoilSystem] Tool: hands, Estimated duration: 20.0s (efficiency: 50%)
[SoilSystem] Changed terrain: grass → dirt
[SoilSystem] Set fertility based on biome 'plains': 0.00 → 72.11
[SoilSystem] Set tile as plantable: tilled=true, plantability=3/3 uses
[SoilSystem] Initialized nutrients (NPK): { nitrogen: '72.11', phosphorus: '57.69', potassium: '64.90' }
[SoilSystem] Emitting soil:tilled event: {
  type: 'soil:tilled',
  source: 'soil-system',
  data: {
    position: { x: 5, y: 5 },
    fertility: 72.1127155393558,
    biome: 'plains'
  }
}
[SoilSystem] ===== TILLING COMPLETE =====

stdout | packages/core/src/actions/__tests__/TillAction.test.ts > Tilling Action > Valid Terrain Tilling > should allow tilling dirt terrain (re-tilling)
[SoilSystem] ===== TILLING TILE AT (5, 5) =====
[SoilSystem] Current tile state: {
  terrain: 'dirt',
  tilled: true,
  biome: 'plains',
  fertility: 50,
  moisture: 50,
  plantability: 0
}
[SoilSystem] ✅ Validation passed - proceeding with tilling
[SoilSystem] ℹ️ MANUAL TILLING (keyboard shortcut T) - Using HANDS by default (50% efficiency, 20s duration)
[SoilSystem] 💡 TIP: To use agent tools, SELECT AN AGENT FIRST, then press T
[SoilSystem] 🔨 Available tools: HOE (100% efficiency, 10s) > SHOVEL (80%, 12.5s) > HANDS (50%, 20s)
[SoilSystem] Tool: hands, Estimated duration: 20.0s (efficiency: 50%)
[SoilSystem] Changed terrain: dirt → dirt
[SoilSystem] Set fertility based on biome 'plains': 50.00 → 70.41
[SoilSystem] Set tile as plantable: tilled=true, plantability=3/3 uses
[SoilSystem] Initialized nutrients (NPK): { nitrogen: '70.41', phosphorus: '56.32', potassium: '63.37' }
[SoilSystem] Emitting soil:tilled event: {
  type: 'soil:tilled',
  source: 'soil-system',
  data: {
    position: { x: 5, y: 5 },
    fertility: 70.40579747527,
    biome: 'plains'
  }
}
[SoilSystem] ===== TILLING COMPLETE =====

stdout | packages/core/src/actions/__tests__/TillAction.test.ts > Tilling Action > Invalid Terrain Rejection > should throw error when tilling stone terrain
[SoilSystem] ===== TILLING TILE AT (5, 5) =====
[SoilSystem] Current tile state: {
  terrain: 'stone',
  tilled: false,
  biome: 'mountains',
  fertility: 0,
  moisture: 0,
  plantability: 0
}

stderr | packages/core/src/actions/__tests__/TillAction.test.ts > Tilling Action > Invalid Terrain Rejection > should throw error when tilling stone terrain
[SoilSystem] ❌ ERROR: Cannot till stone terrain at (5,5). Only grass and dirt can be tilled.

stdout | packages/core/src/actions/__tests__/TillAction.test.ts > Tilling Action > Invalid Terrain Rejection > should throw error when tilling water terrain
[SoilSystem] ===== TILLING TILE AT (3, 8) =====
[SoilSystem] Current tile state: {
  terrain: 'water',
  tilled: false,
  biome: 'river',
  fertility: 0,
  moisture: 100,
  plantability: 0
}

stderr | packages/core/src/actions/__tests__/TillAction.test.ts > Tilling Action > Invalid Terrain Rejection > should throw error when tilling water terrain
[SoilSystem] ❌ ERROR: Cannot till water terrain at (3,8). Only grass and dirt can be tilled.

stdout | packages/core/src/actions/__tests__/TillAction.test.ts > Tilling Action > Invalid Terrain Rejection > should throw error when tilling sand terrain
[SoilSystem] ===== TILLING TILE AT (10, 10) =====
[SoilSystem] Current tile state: {
  terrain: 'sand',
  tilled: false,
  biome: 'desert',
  fertility: 20,
  moisture: 10,
  plantability: 0
}

stderr | packages/core/src/actions/__tests__/TillAction.test.ts > Tilling Action > Invalid Terrain Rejection > should throw error when tilling sand terrain
[SoilSystem] ❌ ERROR: Cannot till sand terrain at (10,10). Only grass and dirt can be tilled.

stdout | packages/core/src/actions/__tests__/TillAction.test.ts > Tilling Action > Invalid Terrain Rejection > should NOT modify tile state on invalid terrain
[SoilSystem] ===== TILLING TILE AT (5, 5) =====
[SoilSystem] Current tile state: {
  terrain: 'stone',
  tilled: false,
  biome: 'mountains',
  fertility: 0,
  moisture: 0,
  plantability: 0
}

stderr | packages/core/src/actions/__tests__/TillAction.test.ts > Tilling Action > Invalid Terrain Rejection > should NOT modify tile state on invalid terrain
[SoilSystem] ❌ ERROR: Cannot till stone terrain at (5,5). Only grass and dirt can be tilled.

stdout | packages/core/src/actions/__tests__/TillAction.test.ts > Tilling Action > EventBus Integration > should emit soil:tilled event when tilling succeeds
[SoilSystem] ===== TILLING TILE AT (5, 5) =====
[SoilSystem] Current tile state: {
  terrain: 'grass',
  tilled: false,
  biome: 'plains',
  fertility: 0,
  moisture: 50,
  plantability: 0
}
[SoilSystem] ✅ Validation passed - proceeding with tilling
[SoilSystem] ℹ️ MANUAL TILLING (keyboard shortcut T) - Using HANDS by default (50% efficiency, 20s duration)
[SoilSystem] 💡 TIP: To use agent tools, SELECT AN AGENT FIRST, then press T
[SoilSystem] 🔨 Available tools: HOE (100% efficiency, 10s) > SHOVEL (80%, 12.5s) > HANDS (50%, 20s)
[SoilSystem] Tool: hands, Estimated duration: 20.0s (efficiency: 50%)
[SoilSystem] Changed terrain: grass → dirt
[SoilSystem] Set fertility based on biome 'plains': 0.00 → 72.81
[SoilSystem] Set tile as plantable: tilled=true, plantability=3/3 uses
[SoilSystem] Initialized nutrients (NPK): { nitrogen: '72.81', phosphorus: '58.25', potassium: '65.53' }
[SoilSystem] Emitting soil:tilled event: {
  type: 'soil:tilled',
  source: 'soil-system',
  data: {
    position: { x: 5, y: 5 },
    fertility: 72.81017957034007,
    biome: 'plains'
  }
}
[SoilSystem] ===== TILLING COMPLETE =====

stdout | packages/core/src/actions/__tests__/TillAction.test.ts > Tilling Action > EventBus Integration > should include position in soil:tilled event
[SoilSystem] ===== TILLING TILE AT (15, 20) =====
[SoilSystem] Current tile state: {
  terrain: 'grass',
  tilled: false,
  biome: 'forest',
  fertility: 0,
  moisture: 50,
  plantability: 0
}
[SoilSystem] ✅ Validation passed - proceeding with tilling
[SoilSystem] ℹ️ MANUAL TILLING (keyboard shortcut T) - Using HANDS by default (50% efficiency, 20s duration)
[SoilSystem] 💡 TIP: To use agent tools, SELECT AN AGENT FIRST, then press T
[SoilSystem] 🔨 Available tools: HOE (100% efficiency, 10s) > SHOVEL (80%, 12.5s) > HANDS (50%, 20s)
[SoilSystem] Tool: hands, Estimated duration: 20.0s (efficiency: 50%)
[SoilSystem] Changed terrain: grass → dirt
[SoilSystem] Set fertility based on biome 'forest': 0.00 → 69.00
[SoilSystem] Set tile as plantable: tilled=true, plantability=3/3 uses
[SoilSystem] Initialized nutrients (NPK): { nitrogen: '69.00', phosphorus: '55.20', potassium: '62.10' }
[SoilSystem] Emitting soil:tilled event: {
  type: 'soil:tilled',
  source: 'soil-system',
  data: {
    position: { x: 15, y: 20 },
    fertility: 68.99819454078299,
    biome: 'forest'
  }
}
[SoilSystem] ===== TILLING COMPLETE =====

stdout | packages/core/src/actions/__tests__/TillAction.test.ts > Tilling Action > EventBus Integration > should include fertility in soil:tilled event
[SoilSystem] ===== TILLING TILE AT (5, 5) =====
[SoilSystem] Current tile state: {
  terrain: 'grass',
  tilled: false,
  biome: 'plains',
  fertility: 0,
  moisture: 50,
  plantability: 0
}
[SoilSystem] ✅ Validation passed - proceeding with tilling
[SoilSystem] ℹ️ MANUAL TILLING (keyboard shortcut T) - Using HANDS by default (50% efficiency, 20s duration)
[SoilSystem] 💡 TIP: To use agent tools, SELECT AN AGENT FIRST, then press T
[SoilSystem] 🔨 Available tools: HOE (100% efficiency, 10s) > SHOVEL (80%, 12.5s) > HANDS (50%, 20s)
[SoilSystem] Tool: hands, Estimated duration: 20.0s (efficiency: 50%)
[SoilSystem] Changed terrain: grass → dirt
[SoilSystem] Set fertility based on biome 'plains': 0.00 → 74.65
[SoilSystem] Set tile as plantable: tilled=true, plantability=3/3 uses
[SoilSystem] Initialized nutrients (NPK): { nitrogen: '74.65', phosphorus: '59.72', potassium: '67.18' }
[SoilSystem] Emitting soil:tilled event: {
  type: 'soil:tilled',
  source: 'soil-system',
  data: {
    position: { x: 5, y: 5 },
    fertility: 74.64920501543111,
    biome: 'plains'
  }
}
[SoilSystem] ===== TILLING COMPLETE =====

stdout | packages/core/src/actions/__tests__/TillAction.test.ts > Tilling Action > EventBus Integration > should include biome in soil:tilled event
[SoilSystem] ===== TILLING TILE AT (5, 5) =====
[SoilSystem] Current tile state: {
  terrain: 'grass',
  tilled: false,
  biome: 'river',
  fertility: 0,
  moisture: 50,
  plantability: 0
}
[SoilSystem] ✅ Validation passed - proceeding with tilling
[SoilSystem] ℹ️ MANUAL TILLING (keyboard shortcut T) - Using HANDS by default (50% efficiency, 20s duration)
[SoilSystem] 💡 TIP: To use agent tools, SELECT AN AGENT FIRST, then press T
[SoilSystem] 🔨 Available tools: HOE (100% efficiency, 10s) > SHOVEL (80%, 12.5s) > HANDS (50%, 20s)
[SoilSystem] Tool: hands, Estimated duration: 20.0s (efficiency: 50%)
[SoilSystem] Changed terrain: grass → dirt
[SoilSystem] Set fertility based on biome 'river': 0.00 → 80.27
[SoilSystem] Set tile as plantable: tilled=true, plantability=3/3 uses
[SoilSystem] Initialized nutrients (NPK): { nitrogen: '80.27', phosphorus: '64.22', potassium: '72.25' }
[SoilSystem] Emitting soil:tilled event: {
  type: 'soil:tilled',
  source: 'soil-system',
  data: {
    position: { x: 5, y: 5 },
    fertility: 80.27487884433273,
    biome: 'river'
  }
}
[SoilSystem] ===== TILLING COMPLETE =====

stdout | packages/core/src/actions/__tests__/TillAction.test.ts > Tilling Action > EventBus Integration > should NOT emit soil:tilled event on invalid terrain
[SoilSystem] ===== TILLING TILE AT (5, 5) =====
[SoilSystem] Current tile state: {
  terrain: 'stone',
  tilled: false,
  biome: 'mountains',
  fertility: 0,
  moisture: 0,
  plantability: 0
}

stderr | packages/core/src/actions/__tests__/TillAction.test.ts > Tilling Action > EventBus Integration > should NOT emit soil:tilled event on invalid terrain
[SoilSystem] ❌ ERROR: Cannot till stone terrain at (5,5). Only grass and dirt can be tilled.

stdout | packages/core/src/actions/__tests__/TillAction.test.ts > Tilling Action > Biome-Specific Fertility > should set plains fertility to ~70-80
[SoilSystem] ===== TILLING TILE AT (5, 5) =====
[SoilSystem] Current tile state: {
  terrain: 'grass',
  tilled: false,
  biome: 'plains',
  fertility: 0,
  moisture: 50,
  plantability: 0
}
[SoilSystem] ✅ Validation passed - proceeding with tilling
[SoilSystem] ℹ️ MANUAL TILLING (keyboard shortcut T) - Using HANDS by default (50% efficiency, 20s duration)
[SoilSystem] 💡 TIP: To use agent tools, SELECT AN AGENT FIRST, then press T
[SoilSystem] 🔨 Available tools: HOE (100% efficiency, 10s) > SHOVEL (80%, 12.5s) > HANDS (50%, 20s)
[SoilSystem] Tool: hands, Estimated duration: 20.0s (efficiency: 50%)
[SoilSystem] Changed terrain: grass → dirt
[SoilSystem] Set fertility based on biome 'plains': 0.00 → 75.22
[SoilSystem] Set tile as plantable: tilled=true, plantability=3/3 uses
[SoilSystem] Initialized nutrients (NPK): { nitrogen: '75.22', phosphorus: '60.18', potassium: '67.70' }
[SoilSystem] Emitting soil:tilled event: {
  type: 'soil:tilled',
  source: 'soil-system',
  data: {
    position: { x: 5, y: 5 },
    fertility: 75.22135431715748,
    biome: 'plains'
  }
}
[SoilSystem] ===== TILLING COMPLETE =====

stdout | packages/core/src/actions/__tests__/TillAction.test.ts > Tilling Action > Biome-Specific Fertility > should set forest fertility to ~60-70
[SoilSystem] ===== TILLING TILE AT (5, 5) =====
[SoilSystem] Current tile state: {
  terrain: 'grass',
  tilled: false,
  biome: 'forest',
  fertility: 0,
  moisture: 50,
  plantability: 0
}
[SoilSystem] ✅ Validation passed - proceeding with tilling
[SoilSystem] ℹ️ MANUAL TILLING (keyboard shortcut T) - Using HANDS by default (50% efficiency, 20s duration)
[SoilSystem] 💡 TIP: To use agent tools, SELECT AN AGENT FIRST, then press T
[SoilSystem] 🔨 Available tools: HOE (100% efficiency, 10s) > SHOVEL (80%, 12.5s) > HANDS (50%, 20s)
[SoilSystem] Tool: hands, Estimated duration: 20.0s (efficiency: 50%)
[SoilSystem] Changed terrain: grass → dirt
[SoilSystem] Set fertility based on biome 'forest': 0.00 → 60.62
[SoilSystem] Set tile as plantable: tilled=true, plantability=3/3 uses
[SoilSystem] Initialized nutrients (NPK): { nitrogen: '60.62', phosphorus: '48.50', potassium: '54.56' }
[SoilSystem] Emitting soil:tilled event: {
  type: 'soil:tilled',
  source: 'soil-system',
  data: {
    position: { x: 5, y: 5 },
    fertility: 60.62288886550872,
    biome: 'forest'
  }
}
[SoilSystem] ===== TILLING COMPLETE =====

stdout | packages/core/src/actions/__tests__/TillAction.test.ts > Tilling Action > Biome-Specific Fertility > should set river fertility to ~75-85
[SoilSystem] ===== TILLING TILE AT (5, 5) =====
[SoilSystem] Current tile state: {
  terrain: 'grass',
  tilled: false,
  biome: 'river',
  fertility: 0,
  moisture: 50,
  plantability: 0
}
[SoilSystem] ✅ Validation passed - proceeding with tilling
[SoilSystem] ℹ️ MANUAL TILLING (keyboard shortcut T) - Using HANDS by default (50% efficiency, 20s duration)
[SoilSystem] 💡 TIP: To use agent tools, SELECT AN AGENT FIRST, then press T
[SoilSystem] 🔨 Available tools: HOE (100% efficiency, 10s) > SHOVEL (80%, 12.5s) > HANDS (50%, 20s)
[SoilSystem] Tool: hands, Estimated duration: 20.0s (efficiency: 50%)
[SoilSystem] Changed terrain: grass → dirt
[SoilSystem] Set fertility based on biome 'river': 0.00 → 79.79
[SoilSystem] Set tile as plantable: tilled=true, plantability=3/3 uses
[SoilSystem] Initialized nutrients (NPK): { nitrogen: '79.79', phosphorus: '63.83', potassium: '71.81' }
[SoilSystem] Emitting soil:tilled event: {
  type: 'soil:tilled',
  source: 'soil-system',
  data: {
    position: { x: 5, y: 5 },
    fertility: 79.78708498566264,
    biome: 'river'
  }
}
[SoilSystem] ===== TILLING COMPLETE =====

stdout | packages/core/src/actions/__tests__/TillAction.test.ts > Tilling Action > Biome-Specific Fertility > should set desert fertility to ~20-30
[SoilSystem] ===== TILLING TILE AT (5, 5) =====
[SoilSystem] Current tile state: {
  terrain: 'grass',
  tilled: false,
  biome: 'desert',
  fertility: 0,
  moisture: 50,
  plantability: 0
}
[SoilSystem] ✅ Validation passed - proceeding with tilling
[SoilSystem] ℹ️ MANUAL TILLING (keyboard shortcut T) - Using HANDS by default (50% efficiency, 20s duration)
[SoilSystem] 💡 TIP: To use agent tools, SELECT AN AGENT FIRST, then press T
[SoilSystem] 🔨 Available tools: HOE (100% efficiency, 10s) > SHOVEL (80%, 12.5s) > HANDS (50%, 20s)
[SoilSystem] Tool: hands, Estimated duration: 20.0s (efficiency: 50%)
[SoilSystem] Changed terrain: grass → dirt
[SoilSystem] Set fertility based on biome 'desert': 0.00 → 24.42
[SoilSystem] Set tile as plantable: tilled=true, plantability=3/3 uses
[SoilSystem] Initialized nutrients (NPK): { nitrogen: '24.42', phosphorus: '19.54', potassium: '21.98' }
[SoilSystem] Emitting soil:tilled event: {
  type: 'soil:tilled',
  source: 'soil-system',
  data: {
    position: { x: 5, y: 5 },
    fertility: 24.420149346576018,
    biome: 'desert'
  }
}
[SoilSystem] ===== TILLING COMPLETE =====

stdout | packages/core/src/actions/__tests__/TillAction.test.ts > Tilling Action > Biome-Specific Fertility > should set mountains fertility to ~40-50
[SoilSystem] ===== TILLING TILE AT (5, 5) =====
[SoilSystem] Current tile state: {
  terrain: 'grass',
  tilled: false,
  biome: 'mountains',
  fertility: 0,
  moisture: 50,
  plantability: 0
}
[SoilSystem] ✅ Validation passed - proceeding with tilling
[SoilSystem] ℹ️ MANUAL TILLING (keyboard shortcut T) - Using HANDS by default (50% efficiency, 20s duration)
[SoilSystem] 💡 TIP: To use agent tools, SELECT AN AGENT FIRST, then press T
[SoilSystem] 🔨 Available tools: HOE (100% efficiency, 10s) > SHOVEL (80%, 12.5s) > HANDS (50%, 20s)
[SoilSystem] Tool: hands, Estimated duration: 20.0s (efficiency: 50%)
[SoilSystem] Changed terrain: grass → dirt
[SoilSystem] Set fertility based on biome 'mountains': 0.00 → 49.52
[SoilSystem] Set tile as plantable: tilled=true, plantability=3/3 uses
[SoilSystem] Initialized nutrients (NPK): { nitrogen: '49.52', phosphorus: '39.62', potassium: '44.57' }
[SoilSystem] Emitting soil:tilled event: {
  type: 'soil:tilled',
  source: 'soil-system',
  data: {
    position: { x: 5, y: 5 },
    fertility: 49.52236648850017,
    biome: 'mountains'
  }
}
[SoilSystem] ===== TILLING COMPLETE =====

stdout | packages/core/src/actions/__tests__/TillAction.test.ts > Tilling Action > Biome-Specific Fertility > should set ocean fertility to 0 (not farmable)
[SoilSystem] ===== TILLING TILE AT (5, 5) =====
[SoilSystem] Current tile state: {
  terrain: 'grass',
  tilled: false,
  biome: 'ocean',
  fertility: 0,
  moisture: 50,
  plantability: 0
}
[SoilSystem] ✅ Validation passed - proceeding with tilling
[SoilSystem] ℹ️ MANUAL TILLING (keyboard shortcut T) - Using HANDS by default (50% efficiency, 20s duration)
[SoilSystem] 💡 TIP: To use agent tools, SELECT AN AGENT FIRST, then press T
[SoilSystem] 🔨 Available tools: HOE (100% efficiency, 10s) > SHOVEL (80%, 12.5s) > HANDS (50%, 20s)
[SoilSystem] Tool: hands, Estimated duration: 20.0s (efficiency: 50%)
[SoilSystem] Changed terrain: grass → dirt
[SoilSystem] Set fertility based on biome 'ocean': 0.00 → 0.00
[SoilSystem] Set tile as plantable: tilled=true, plantability=3/3 uses
[SoilSystem] Initialized nutrients (NPK): { nitrogen: '0.00', phosphorus: '0.00', potassium: '0.00' }
[SoilSystem] Emitting soil:tilled event: {
  type: 'soil:tilled',
  source: 'soil-system',
  data: { position: { x: 5, y: 5 }, fertility: 0, biome: 'ocean' }
}
[SoilSystem] ===== TILLING COMPLETE =====

stdout | packages/core/src/actions/__tests__/TillAction.test.ts > Tilling Action > Biome-Specific Fertility > should throw error for undefined biome (CLAUDE.md: no silent fallbacks)
[SoilSystem] ===== TILLING TILE AT (5, 5) =====
[SoilSystem] Current tile state: {
  terrain: 'grass',
  tilled: false,
  biome: undefined,
  fertility: 0,
  moisture: 50,
  plantability: 0
}

stderr | packages/core/src/actions/__tests__/TillAction.test.ts > Tilling Action > Biome-Specific Fertility > should throw error for undefined biome (CLAUDE.md: no silent fallbacks)
[SoilSystem] ❌ CRITICAL ERROR: Tile at (5,5) has no biome data. Terrain generation failed or chunk not generated. Cannot determine fertility for farming.
[SoilSystem] Tile state: {
  "terrain": "grass",
  "moisture": 50,
  "fertility": 0,
  "tilled": false,
  "plantability": 0,
  "nutrients": {
    "nitrogen": 0,
    "phosphorus": 0,
    "potassium": 0
  },
  "fertilized": false,
  "fertilizerDuration": 0,
  "lastWatered": 0,
  "composted": false
}

stdout | packages/core/src/actions/__tests__/TillAction.test.ts > Tilling Action > Re-tilling Behavior > should allow re-tilling already tilled depleted dirt
[SoilSystem] ===== TILLING TILE AT (5, 5) =====
[SoilSystem] Current tile state: {
  terrain: 'dirt',
  tilled: true,
  biome: 'plains',
  fertility: 50,
  moisture: 50,
  plantability: 0
}
[SoilSystem] ✅ Validation passed - proceeding with tilling
[SoilSystem] ℹ️ MANUAL TILLING (keyboard shortcut T) - Using HANDS by default (50% efficiency, 20s duration)
[SoilSystem] 💡 TIP: To use agent tools, SELECT AN AGENT FIRST, then press T
[SoilSystem] 🔨 Available tools: HOE (100% efficiency, 10s) > SHOVEL (80%, 12.5s) > HANDS (50%, 20s)
[SoilSystem] Tool: hands, Estimated duration: 20.0s (efficiency: 50%)
[SoilSystem] Changed terrain: dirt → dirt
[SoilSystem] Set fertility based on biome 'plains': 50.00 → 73.28
[SoilSystem] Set tile as plantable: tilled=true, plantability=3/3 uses
[SoilSystem] Initialized nutrients (NPK): { nitrogen: '73.28', phosphorus: '58.62', potassium: '65.95' }
[SoilSystem] Emitting soil:tilled event: {
  type: 'soil:tilled',
  source: 'soil-system',
  data: {
    position: { x: 5, y: 5 },
    fertility: 73.28123428446865,
    biome: 'plains'
  }
}
[SoilSystem] ===== TILLING COMPLETE =====

stdout | packages/core/src/actions/__tests__/TillAction.test.ts > Tilling Action > Re-tilling Behavior > should reset plantability counter to 3 on re-till
[SoilSystem] ===== TILLING TILE AT (5, 5) =====
[SoilSystem] Current tile state: {
  terrain: 'dirt',
  tilled: true,
  biome: 'plains',
  fertility: 50,
  moisture: 50,
  plantability: 0
}
[SoilSystem] ✅ Validation passed - proceeding with tilling
[SoilSystem] ℹ️ MANUAL TILLING (keyboard shortcut T) - Using HANDS by default (50% efficiency, 20s duration)
[SoilSystem] 💡 TIP: To use agent tools, SELECT AN AGENT FIRST, then press T
[SoilSystem] 🔨 Available tools: HOE (100% efficiency, 10s) > SHOVEL (80%, 12.5s) > HANDS (50%, 20s)
[SoilSystem] Tool: hands, Estimated duration: 20.0s (efficiency: 50%)
[SoilSystem] Changed terrain: dirt → dirt
[SoilSystem] Set fertility based on biome 'plains': 50.00 → 78.14
[SoilSystem] Set tile as plantable: tilled=true, plantability=3/3 uses
[SoilSystem] Initialized nutrients (NPK): { nitrogen: '78.14', phosphorus: '62.51', potassium: '70.32' }
[SoilSystem] Emitting soil:tilled event: {
  type: 'soil:tilled',
  source: 'soil-system',
  data: {
    position: { x: 5, y: 5 },
    fertility: 78.13691787633451,
    biome: 'plains'
  }
}
[SoilSystem] ===== TILLING COMPLETE =====

stdout | packages/core/src/actions/__tests__/TillAction.test.ts > Tilling Action > Re-tilling Behavior > should refresh fertility on re-till
[SoilSystem] ===== TILLING TILE AT (5, 5) =====
[SoilSystem] Current tile state: {
  terrain: 'dirt',
  tilled: true,
  biome: 'plains',
  fertility: 20,
  moisture: 50,
  plantability: 0
}
[SoilSystem] ✅ Validation passed - proceeding with tilling
[SoilSystem] ℹ️ MANUAL TILLING (keyboard shortcut T) - Using HANDS by default (50% efficiency, 20s duration)
[SoilSystem] 💡 TIP: To use agent tools, SELECT AN AGENT FIRST, then press T
[SoilSystem] 🔨 Available tools: HOE (100% efficiency, 10s) > SHOVEL (80%, 12.5s) > HANDS (50%, 20s)
[SoilSystem] Tool: hands, Estimated duration: 20.0s (efficiency: 50%)
[SoilSystem] Changed terrain: dirt → dirt
[SoilSystem] Set fertility based on biome 'plains': 20.00 → 74.36
[SoilSystem] Set tile as plantable: tilled=true, plantability=3/3 uses
[SoilSystem] Initialized nutrients (NPK): { nitrogen: '74.36', phosphorus: '59.48', potassium: '66.92' }
[SoilSystem] Emitting soil:tilled event: {
  type: 'soil:tilled',
  source: 'soil-system',
  data: {
    position: { x: 5, y: 5 },
    fertility: 74.35535064342783,
    biome: 'plains'
  }
}
[SoilSystem] ===== TILLING COMPLETE =====

stdout | packages/core/src/actions/__tests__/TillAction.test.ts > Tilling Action > Re-tilling Behavior > should emit tilling event on re-till
[SoilSystem] ===== TILLING TILE AT (5, 5) =====
[SoilSystem] Current tile state: {
  terrain: 'dirt',
  tilled: true,
  biome: 'plains',
  fertility: 20,
  moisture: 50,
  plantability: 0
}
[SoilSystem] ✅ Validation passed - proceeding with tilling
[SoilSystem] ℹ️ MANUAL TILLING (keyboard shortcut T) - Using HANDS by default (50% efficiency, 20s duration)
[SoilSystem] 💡 TIP: To use agent tools, SELECT AN AGENT FIRST, then press T
[SoilSystem] 🔨 Available tools: HOE (100% efficiency, 10s) > SHOVEL (80%, 12.5s) > HANDS (50%, 20s)
[SoilSystem] Tool: hands, Estimated duration: 20.0s (efficiency: 50%)
[SoilSystem] Changed terrain: dirt → dirt
[SoilSystem] Set fertility based on biome 'plains': 20.00 → 78.56
[SoilSystem] Set tile as plantable: tilled=true, plantability=3/3 uses
[SoilSystem] Initialized nutrients (NPK): { nitrogen: '78.56', phosphorus: '62.85', potassium: '70.70' }
[SoilSystem] Emitting soil:tilled event: {
  type: 'soil:tilled',
  source: 'soil-system',
  data: {
    position: { x: 5, y: 5 },
    fertility: 78.55683969449092,
    biome: 'plains'
  }
}
[SoilSystem] ===== TILLING COMPLETE =====

stdout | packages/core/src/actions/__tests__/TillAction.test.ts > Tilling Action > Error Handling - CLAUDE.md Compliance > should throw clear error for invalid terrain type
[SoilSystem] ===== TILLING TILE AT (5, 5) =====
[SoilSystem] Current tile state: {
  terrain: 'stone',
  tilled: false,
  biome: 'mountains',
  fertility: 0,
  moisture: 0,
  plantability: 0
}

stderr | packages/core/src/actions/__tests__/TillAction.test.ts > Tilling Action > Error Handling - CLAUDE.md Compliance > should throw clear error for invalid terrain type
[SoilSystem] ❌ ERROR: Cannot till stone terrain at (5,5). Only grass and dirt can be tilled.

stdout | packages/core/src/actions/__tests__/TillAction.test.ts > Tilling Action > Error Handling - CLAUDE.md Compliance > should include position in error message
[SoilSystem] ===== TILLING TILE AT (15, 20) =====
[SoilSystem] Current tile state: {
  terrain: 'water',
  tilled: false,
  biome: 'river',
  fertility: 0,
  moisture: 100,
  plantability: 0
}

stderr | packages/core/src/actions/__tests__/TillAction.test.ts > Tilling Action > Error Handling - CLAUDE.md Compliance > should include position in error message
[SoilSystem] ❌ ERROR: Cannot till water terrain at (15,20). Only grass and dirt can be tilled.

stdout | packages/core/src/actions/__tests__/TillAction.test.ts > Tilling Action > Error Handling - CLAUDE.md Compliance > should include terrain type in error message
[SoilSystem] ===== TILLING TILE AT (5, 5) =====
[SoilSystem] Current tile state: {
  terrain: 'sand',
  tilled: false,
  biome: 'desert',
  fertility: 0,
  moisture: 10,
  plantability: 0
}

stderr | packages/core/src/actions/__tests__/TillAction.test.ts > Tilling Action > Error Handling - CLAUDE.md Compliance > should include terrain type in error message
[SoilSystem] ❌ ERROR: Cannot till sand terrain at (5,5). Only grass and dirt can be tilled.

 ✓ packages/core/src/actions/__tests__/TillAction.test.ts  (48 tests | 8 skipped) 9ms
stdout | packages/core/src/systems/__tests__/TillingAction.test.ts > Tilling Action > Acceptance Criterion 2: Basic Tilling Success > should change terrain from grass to dirt when tilled
[SoilSystem] ===== TILLING TILE AT (5, 5) =====
[SoilSystem] Current tile state: {
  terrain: 'grass',
  tilled: false,
  biome: 'plains',
  fertility: 50,
  moisture: 50,
  plantability: 0
}
[SoilSystem] ✅ Validation passed - proceeding with tilling
[SoilSystem] ℹ️ MANUAL TILLING (keyboard shortcut T) - Using HANDS by default (50% efficiency, 20s duration)
[SoilSystem] 💡 TIP: To use agent tools, SELECT AN AGENT FIRST, then press T
[SoilSystem] 🔨 Available tools: HOE (100% efficiency, 10s) > SHOVEL (80%, 12.5s) > HANDS (50%, 20s)
[SoilSystem] Tool: hands, Estimated duration: 20.0s (efficiency: 50%)
[SoilSystem] Changed terrain: grass → dirt
[SoilSystem] Set fertility based on biome 'plains': 50.00 → 79.15
[SoilSystem] Set tile as plantable: tilled=true, plantability=3/3 uses
[SoilSystem] Initialized nutrients (NPK): { nitrogen: '79.15', phosphorus: '63.32', potassium: '71.24' }
[SoilSystem] Emitting soil:tilled event: {
  type: 'soil:tilled',
  source: 'soil-system',
  data: {
    position: { x: 5, y: 5 },
    fertility: 79.15216132279829,
    biome: 'plains'
  }
}
[SoilSystem] ===== TILLING COMPLETE =====

stdout | packages/core/src/systems/__tests__/TillingAction.test.ts > Tilling Action > Acceptance Criterion 2: Basic Tilling Success > should set tilled flag to true
[SoilSystem] ===== TILLING TILE AT (5, 5) =====
[SoilSystem] Current tile state: {
  terrain: 'grass',
  tilled: false,
  biome: 'plains',
  fertility: 50,
  moisture: 50,
  plantability: 0
}
[SoilSystem] ✅ Validation passed - proceeding with tilling
[SoilSystem] ℹ️ MANUAL TILLING (keyboard shortcut T) - Using HANDS by default (50% efficiency, 20s duration)
[SoilSystem] 💡 TIP: To use agent tools, SELECT AN AGENT FIRST, then press T
[SoilSystem] 🔨 Available tools: HOE (100% efficiency, 10s) > SHOVEL (80%, 12.5s) > HANDS (50%, 20s)
[SoilSystem] Tool: hands, Estimated duration: 20.0s (efficiency: 50%)
[SoilSystem] Changed terrain: grass → dirt
[SoilSystem] Set fertility based on biome 'plains': 50.00 → 75.70
[SoilSystem] Set tile as plantable: tilled=true, plantability=3/3 uses
[SoilSystem] Initialized nutrients (NPK): { nitrogen: '75.70', phosphorus: '60.56', potassium: '68.13' }
[SoilSystem] Emitting soil:tilled event: {
  type: 'soil:tilled',
  source: 'soil-system',
  data: {
    position: { x: 5, y: 5 },
    fertility: 75.69873424130586,
    biome: 'plains'
  }
}
[SoilSystem] ===== TILLING COMPLETE =====

stdout | packages/core/src/systems/__tests__/TillingAction.test.ts > Tilling Action > Acceptance Criterion 2: Basic Tilling Success > should set plantability counter to 3
[SoilSystem] ===== TILLING TILE AT (5, 5) =====
[SoilSystem] Current tile state: {
  terrain: 'grass',
  tilled: false,
  biome: 'plains',
  fertility: 50,
  moisture: 50,
  plantability: 0
}
[SoilSystem] ✅ Validation passed - proceeding with tilling
[SoilSystem] ℹ️ MANUAL TILLING (keyboard shortcut T) - Using HANDS by default (50% efficiency, 20s duration)
[SoilSystem] 💡 TIP: To use agent tools, SELECT AN AGENT FIRST, then press T
[SoilSystem] 🔨 Available tools: HOE (100% efficiency, 10s) > SHOVEL (80%, 12.5s) > HANDS (50%, 20s)
[SoilSystem] Tool: hands, Estimated duration: 20.0s (efficiency: 50%)
[SoilSystem] Changed terrain: grass → dirt
[SoilSystem] Set fertility based on biome 'plains': 50.00 → 70.96
[SoilSystem] Set tile as plantable: tilled=true, plantability=3/3 uses
[SoilSystem] Initialized nutrients (NPK): { nitrogen: '70.96', phosphorus: '56.77', potassium: '63.87' }
[SoilSystem] Emitting soil:tilled event: {
  type: 'soil:tilled',
  source: 'soil-system',
  data: {
    position: { x: 5, y: 5 },
    fertility: 70.96220658643603,
    biome: 'plains'
  }
}
[SoilSystem] ===== TILLING COMPLETE =====

stdout | packages/core/src/systems/__tests__/TillingAction.test.ts > Tilling Action > Acceptance Criterion 2: Basic Tilling Success > should set fertility based on biome
[SoilSystem] ===== TILLING TILE AT (5, 5) =====
[SoilSystem] Current tile state: {
  terrain: 'grass',
  tilled: false,
  biome: 'plains',
  fertility: 50,
  moisture: 50,
  plantability: 0
}
[SoilSystem] ✅ Validation passed - proceeding with tilling
[SoilSystem] ℹ️ MANUAL TILLING (keyboard shortcut T) - Using HANDS by default (50% efficiency, 20s duration)
[SoilSystem] 💡 TIP: To use agent tools, SELECT AN AGENT FIRST, then press T
[SoilSystem] 🔨 Available tools: HOE (100% efficiency, 10s) > SHOVEL (80%, 12.5s) > HANDS (50%, 20s)
[SoilSystem] Tool: hands, Estimated duration: 20.0s (efficiency: 50%)
[SoilSystem] Changed terrain: grass → dirt
[SoilSystem] Set fertility based on biome 'plains': 50.00 → 75.78
[SoilSystem] Set tile as plantable: tilled=true, plantability=3/3 uses
[SoilSystem] Initialized nutrients (NPK): { nitrogen: '75.78', phosphorus: '60.62', potassium: '68.20' }
[SoilSystem] Emitting soil:tilled event: {
  type: 'soil:tilled',
  source: 'soil-system',
  data: {
    position: { x: 5, y: 5 },
    fertility: 75.78043592497563,
    biome: 'plains'
  }
}
[SoilSystem] ===== TILLING COMPLETE =====

stdout | packages/core/src/systems/__tests__/TillingAction.test.ts > Tilling Action > Acceptance Criterion 2: Basic Tilling Success > should initialize nutrients (N, P, K)
[SoilSystem] ===== TILLING TILE AT (5, 5) =====
[SoilSystem] Current tile state: {
  terrain: 'grass',
  tilled: false,
  biome: 'plains',
  fertility: 50,
  moisture: 50,
  plantability: 0
}
[SoilSystem] ✅ Validation passed - proceeding with tilling
[SoilSystem] ℹ️ MANUAL TILLING (keyboard shortcut T) - Using HANDS by default (50% efficiency, 20s duration)
[SoilSystem] 💡 TIP: To use agent tools, SELECT AN AGENT FIRST, then press T
[SoilSystem] 🔨 Available tools: HOE (100% efficiency, 10s) > SHOVEL (80%, 12.5s) > HANDS (50%, 20s)
[SoilSystem] Tool: hands, Estimated duration: 20.0s (efficiency: 50%)
[SoilSystem] Changed terrain: grass → dirt
[SoilSystem] Set fertility based on biome 'plains': 50.00 → 72.25
[SoilSystem] Set tile as plantable: tilled=true, plantability=3/3 uses
[SoilSystem] Initialized nutrients (NPK): { nitrogen: '72.25', phosphorus: '57.80', potassium: '65.03' }
[SoilSystem] Emitting soil:tilled event: {
  type: 'soil:tilled',
  source: 'soil-system',
  data: {
    position: { x: 5, y: 5 },
    fertility: 72.25418531768825,
    biome: 'plains'
  }
}
[SoilSystem] ===== TILLING COMPLETE =====

stdout | packages/core/src/systems/__tests__/TillingAction.test.ts > Tilling Action > Acceptance Criterion 3: Tilling Validation - Valid Terrain > should successfully till grass terrain
[SoilSystem] ===== TILLING TILE AT (5, 5) =====
[SoilSystem] Current tile state: {
  terrain: 'grass',
  tilled: false,
  biome: 'plains',
  fertility: 50,
  moisture: 50,
  plantability: 0
}
[SoilSystem] ✅ Validation passed - proceeding with tilling
[SoilSystem] ℹ️ MANUAL TILLING (keyboard shortcut T) - Using HANDS by default (50% efficiency, 20s duration)
[SoilSystem] 💡 TIP: To use agent tools, SELECT AN AGENT FIRST, then press T
[SoilSystem] 🔨 Available tools: HOE (100% efficiency, 10s) > SHOVEL (80%, 12.5s) > HANDS (50%, 20s)
[SoilSystem] Tool: hands, Estimated duration: 20.0s (efficiency: 50%)
[SoilSystem] Changed terrain: grass → dirt
[SoilSystem] Set fertility based on biome 'plains': 50.00 → 71.29
[SoilSystem] Set tile as plantable: tilled=true, plantability=3/3 uses
[SoilSystem] Initialized nutrients (NPK): { nitrogen: '71.29', phosphorus: '57.03', potassium: '64.16' }
[SoilSystem] Emitting soil:tilled event: {
  type: 'soil:tilled',
  source: 'soil-system',
  data: {
    position: { x: 5, y: 5 },
    fertility: 71.29108016966266,
    biome: 'plains'
  }
}
[SoilSystem] ===== TILLING COMPLETE =====

stdout | packages/core/src/systems/__tests__/TillingAction.test.ts > Tilling Action > Acceptance Criterion 3: Tilling Validation - Valid Terrain > should successfully till dirt terrain (re-tilling)
[SoilSystem] ===== TILLING TILE AT (5, 5) =====
[SoilSystem] Current tile state: {
  terrain: 'dirt',
  tilled: false,
  biome: 'plains',
  fertility: 50,
  moisture: 50,
  plantability: 0
}
[SoilSystem] ✅ Validation passed - proceeding with tilling
[SoilSystem] ℹ️ MANUAL TILLING (keyboard shortcut T) - Using HANDS by default (50% efficiency, 20s duration)
[SoilSystem] 💡 TIP: To use agent tools, SELECT AN AGENT FIRST, then press T
[SoilSystem] 🔨 Available tools: HOE (100% efficiency, 10s) > SHOVEL (80%, 12.5s) > HANDS (50%, 20s)
[SoilSystem] Tool: hands, Estimated duration: 20.0s (efficiency: 50%)
[SoilSystem] Changed terrain: dirt → dirt
[SoilSystem] Set fertility based on biome 'plains': 50.00 → 77.58
[SoilSystem] Set tile as plantable: tilled=true, plantability=3/3 uses
[SoilSystem] Initialized nutrients (NPK): { nitrogen: '77.58', phosphorus: '62.07', potassium: '69.82' }
[SoilSystem] Emitting soil:tilled event: {
  type: 'soil:tilled',
  source: 'soil-system',
  data: {
    position: { x: 5, y: 5 },
    fertility: 77.5817678621375,
    biome: 'plains'
  }
}
[SoilSystem] ===== TILLING COMPLETE =====

stdout | packages/core/src/systems/__tests__/TillingAction.test.ts > Tilling Action > Acceptance Criterion 4: Tilling Validation - Invalid Terrain > should throw error when attempting to till stone terrain
[SoilSystem] ===== TILLING TILE AT (5, 5) =====
[SoilSystem] Current tile state: {
  terrain: 'stone',
  tilled: false,
  biome: 'mountains',
  fertility: 50,
  moisture: 50,
  plantability: 0
}

stderr | packages/core/src/systems/__tests__/TillingAction.test.ts > Tilling Action > Acceptance Criterion 4: Tilling Validation - Invalid Terrain > should throw error when attempting to till stone terrain
[SoilSystem] ❌ ERROR: Cannot till stone terrain at (5,5). Only grass and dirt can be tilled.

stdout | packages/core/src/systems/__tests__/TillingAction.test.ts > Tilling Action > Acceptance Criterion 4: Tilling Validation - Invalid Terrain > should throw error when attempting to till water terrain
[SoilSystem] ===== TILLING TILE AT (5, 5) =====
[SoilSystem] Current tile state: {
  terrain: 'water',
  tilled: false,
  biome: 'river',
  fertility: 50,
  moisture: 50,
  plantability: 0
}

stderr | packages/core/src/systems/__tests__/TillingAction.test.ts > Tilling Action > Acceptance Criterion 4: Tilling Validation - Invalid Terrain > should throw error when attempting to till water terrain
[SoilSystem] ❌ ERROR: Cannot till water terrain at (5,5). Only grass and dirt can be tilled.

stdout | packages/core/src/systems/__tests__/TillingAction.test.ts > Tilling Action > Acceptance Criterion 4: Tilling Validation - Invalid Terrain > should throw error when attempting to till sand terrain
[SoilSystem] ===== TILLING TILE AT (5, 5) =====
[SoilSystem] Current tile state: {
  terrain: 'sand',
  tilled: false,
  biome: 'desert',
  fertility: 50,
  moisture: 50,
  plantability: 0
}

stderr | packages/core/src/systems/__tests__/TillingAction.test.ts > Tilling Action > Acceptance Criterion 4: Tilling Validation - Invalid Terrain > should throw error when attempting to till sand terrain
[SoilSystem] ❌ ERROR: Cannot till sand terrain at (5,5). Only grass and dirt can be tilled.

stdout | packages/core/src/systems/__tests__/TillingAction.test.ts > Tilling Action > Acceptance Criterion 4: Tilling Validation - Invalid Terrain > should NOT modify tile state when validation fails
[SoilSystem] ===== TILLING TILE AT (5, 5) =====
[SoilSystem] Current tile state: {
  terrain: 'stone',
  tilled: false,
  biome: 'mountains',
  fertility: 50,
  moisture: 50,
  plantability: 0
}

stderr | packages/core/src/systems/__tests__/TillingAction.test.ts > Tilling Action > Acceptance Criterion 4: Tilling Validation - Invalid Terrain > should NOT modify tile state when validation fails
[SoilSystem] ❌ ERROR: Cannot till stone terrain at (5,5). Only grass and dirt can be tilled.

stdout | packages/core/src/systems/__tests__/TillingAction.test.ts > Tilling Action > Acceptance Criterion 4: Tilling Validation - Invalid Terrain > should NOT emit tilling event when validation fails
[SoilSystem] ===== TILLING TILE AT (5, 5) =====
[SoilSystem] Current tile state: {
  terrain: 'water',
  tilled: false,
  biome: 'river',
  fertility: 50,
  moisture: 50,
  plantability: 0
}

stderr | packages/core/src/systems/__tests__/TillingAction.test.ts > Tilling Action > Acceptance Criterion 4: Tilling Validation - Invalid Terrain > should NOT emit tilling event when validation fails
[SoilSystem] ❌ ERROR: Cannot till water terrain at (5,5). Only grass and dirt can be tilled.

stdout | packages/core/src/systems/__tests__/TillingAction.test.ts > Tilling Action > Acceptance Criterion 6: SoilSystem Integration > should call SoilSystem.tillTile with correct parameters
[SoilSystem] ===== TILLING TILE AT (5, 5) =====
[SoilSystem] Current tile state: {
  terrain: 'grass',
  tilled: false,
  biome: 'plains',
  fertility: 50,
  moisture: 50,
  plantability: 0
}
[SoilSystem] ✅ Validation passed - proceeding with tilling
[SoilSystem] ℹ️ MANUAL TILLING (keyboard shortcut T) - Using HANDS by default (50% efficiency, 20s duration)
[SoilSystem] 💡 TIP: To use agent tools, SELECT AN AGENT FIRST, then press T
[SoilSystem] 🔨 Available tools: HOE (100% efficiency, 10s) > SHOVEL (80%, 12.5s) > HANDS (50%, 20s)
[SoilSystem] Tool: hands, Estimated duration: 20.0s (efficiency: 50%)
[SoilSystem] Changed terrain: grass → dirt
[SoilSystem] Set fertility based on biome 'plains': 50.00 → 71.69
[SoilSystem] Set tile as plantable: tilled=true, plantability=3/3 uses
[SoilSystem] Initialized nutrients (NPK): { nitrogen: '71.69', phosphorus: '57.35', potassium: '64.52' }
[SoilSystem] Emitting soil:tilled event: {
  type: 'soil:tilled',
  source: 'soil-system',
  data: {
    position: { x: 5, y: 5 },
    fertility: 71.6874739907792,
    biome: 'plains'
  }
}
[SoilSystem] ===== TILLING COMPLETE =====

stdout | packages/core/src/systems/__tests__/TillingAction.test.ts > Tilling Action > Acceptance Criterion 6: SoilSystem Integration > should use existing fertility calculation logic
[SoilSystem] ===== TILLING TILE AT (5, 5) =====
[SoilSystem] Current tile state: {
  terrain: 'grass',
  tilled: false,
  biome: 'plains',
  fertility: 50,
  moisture: 50,
  plantability: 0
}
[SoilSystem] ✅ Validation passed - proceeding with tilling
[SoilSystem] ℹ️ MANUAL TILLING (keyboard shortcut T) - Using HANDS by default (50% efficiency, 20s duration)
[SoilSystem] 💡 TIP: To use agent tools, SELECT AN AGENT FIRST, then press T
[SoilSystem] 🔨 Available tools: HOE (100% efficiency, 10s) > SHOVEL (80%, 12.5s) > HANDS (50%, 20s)
[SoilSystem] Tool: hands, Estimated duration: 20.0s (efficiency: 50%)
[SoilSystem] Changed terrain: grass → dirt
[SoilSystem] Set fertility based on biome 'plains': 50.00 → 79.46
[SoilSystem] Set tile as plantable: tilled=true, plantability=3/3 uses
[SoilSystem] Initialized nutrients (NPK): { nitrogen: '79.46', phosphorus: '63.57', potassium: '71.51' }
[SoilSystem] Emitting soil:tilled event: {
  type: 'soil:tilled',
  source: 'soil-system',
  data: {
    position: { x: 5, y: 5 },
    fertility: 79.45978058064061,
    biome: 'plains'
  }
}
[SoilSystem] ===== TILLING COMPLETE =====

stdout | packages/core/src/systems/__tests__/TillingAction.test.ts > Tilling Action > Acceptance Criterion 6: SoilSystem Integration > should initialize nutrients based on fertility
[SoilSystem] ===== TILLING TILE AT (5, 5) =====
[SoilSystem] Current tile state: {
  terrain: 'grass',
  tilled: false,
  biome: 'plains',
  fertility: 50,
  moisture: 50,
  plantability: 0
}
[SoilSystem] ✅ Validation passed - proceeding with tilling
[SoilSystem] ℹ️ MANUAL TILLING (keyboard shortcut T) - Using HANDS by default (50% efficiency, 20s duration)
[SoilSystem] 💡 TIP: To use agent tools, SELECT AN AGENT FIRST, then press T
[SoilSystem] 🔨 Available tools: HOE (100% efficiency, 10s) > SHOVEL (80%, 12.5s) > HANDS (50%, 20s)
[SoilSystem] Tool: hands, Estimated duration: 20.0s (efficiency: 50%)
[SoilSystem] Changed terrain: grass → dirt
[SoilSystem] Set fertility based on biome 'plains': 50.00 → 73.92
[SoilSystem] Set tile as plantable: tilled=true, plantability=3/3 uses
[SoilSystem] Initialized nutrients (NPK): { nitrogen: '73.92', phosphorus: '59.14', potassium: '66.53' }
[SoilSystem] Emitting soil:tilled event: {
  type: 'soil:tilled',
  source: 'soil-system',
  data: {
    position: { x: 5, y: 5 },
    fertility: 73.92168133282811,
    biome: 'plains'
  }
}
[SoilSystem] ===== TILLING COMPLETE =====

stdout | packages/core/src/systems/__tests__/TillingAction.test.ts > Tilling Action > Acceptance Criterion 7: EventBus Integration > should emit soil:tilled event when tilling succeeds
[SoilSystem] ===== TILLING TILE AT (5, 5) =====
[SoilSystem] Current tile state: {
  terrain: 'grass',
  tilled: false,
  biome: 'plains',
  fertility: 50,
  moisture: 50,
  plantability: 0
}
[SoilSystem] ✅ Validation passed - proceeding with tilling
[SoilSystem] ℹ️ MANUAL TILLING (keyboard shortcut T) - Using HANDS by default (50% efficiency, 20s duration)
[SoilSystem] 💡 TIP: To use agent tools, SELECT AN AGENT FIRST, then press T
[SoilSystem] 🔨 Available tools: HOE (100% efficiency, 10s) > SHOVEL (80%, 12.5s) > HANDS (50%, 20s)
[SoilSystem] Tool: hands, Estimated duration: 20.0s (efficiency: 50%)
[SoilSystem] Changed terrain: grass → dirt
[SoilSystem] Set fertility based on biome 'plains': 50.00 → 76.08
[SoilSystem] Set tile as plantable: tilled=true, plantability=3/3 uses
[SoilSystem] Initialized nutrients (NPK): { nitrogen: '76.08', phosphorus: '60.86', potassium: '68.47' }
[SoilSystem] Emitting soil:tilled event: {
  type: 'soil:tilled',
  source: 'soil-system',
  data: {
    position: { x: 5, y: 5 },
    fertility: 76.07710487143993,
    biome: 'plains'
  }
}
[SoilSystem] ===== TILLING COMPLETE =====

stdout | packages/core/src/systems/__tests__/TillingAction.test.ts > Tilling Action > Acceptance Criterion 7: EventBus Integration > should emit soil:tilled event with position data
[SoilSystem] ===== TILLING TILE AT (5, 5) =====
[SoilSystem] Current tile state: {
  terrain: 'grass',
  tilled: false,
  biome: 'plains',
  fertility: 50,
  moisture: 50,
  plantability: 0
}
[SoilSystem] ✅ Validation passed - proceeding with tilling
[SoilSystem] ℹ️ MANUAL TILLING (keyboard shortcut T) - Using HANDS by default (50% efficiency, 20s duration)
[SoilSystem] 💡 TIP: To use agent tools, SELECT AN AGENT FIRST, then press T
[SoilSystem] 🔨 Available tools: HOE (100% efficiency, 10s) > SHOVEL (80%, 12.5s) > HANDS (50%, 20s)
[SoilSystem] Tool: hands, Estimated duration: 20.0s (efficiency: 50%)
[SoilSystem] Changed terrain: grass → dirt
[SoilSystem] Set fertility based on biome 'plains': 50.00 → 75.52
[SoilSystem] Set tile as plantable: tilled=true, plantability=3/3 uses
[SoilSystem] Initialized nutrients (NPK): { nitrogen: '75.52', phosphorus: '60.42', potassium: '67.97' }
[SoilSystem] Emitting soil:tilled event: {
  type: 'soil:tilled',
  source: 'soil-system',
  data: {
    position: { x: 5, y: 5 },
    fertility: 75.52254491760723,
    biome: 'plains'
  }
}
[SoilSystem] ===== TILLING COMPLETE =====

stdout | packages/core/src/systems/__tests__/TillingAction.test.ts > Tilling Action > Acceptance Criterion 7: EventBus Integration > should emit soil:tilled event with fertility data
[SoilSystem] ===== TILLING TILE AT (5, 5) =====
[SoilSystem] Current tile state: {
  terrain: 'grass',
  tilled: false,
  biome: 'plains',
  fertility: 50,
  moisture: 50,
  plantability: 0
}
[SoilSystem] ✅ Validation passed - proceeding with tilling
[SoilSystem] ℹ️ MANUAL TILLING (keyboard shortcut T) - Using HANDS by default (50% efficiency, 20s duration)
[SoilSystem] 💡 TIP: To use agent tools, SELECT AN AGENT FIRST, then press T
[SoilSystem] 🔨 Available tools: HOE (100% efficiency, 10s) > SHOVEL (80%, 12.5s) > HANDS (50%, 20s)
[SoilSystem] Tool: hands, Estimated duration: 20.0s (efficiency: 50%)
[SoilSystem] Changed terrain: grass → dirt
[SoilSystem] Set fertility based on biome 'plains': 50.00 → 75.55
[SoilSystem] Set tile as plantable: tilled=true, plantability=3/3 uses
[SoilSystem] Initialized nutrients (NPK): { nitrogen: '75.55', phosphorus: '60.44', potassium: '67.99' }
[SoilSystem] Emitting soil:tilled event: {
  type: 'soil:tilled',
  source: 'soil-system',
  data: {
    position: { x: 5, y: 5 },
    fertility: 75.54652405465949,
    biome: 'plains'
  }
}
[SoilSystem] ===== TILLING COMPLETE =====

stdout | packages/core/src/systems/__tests__/TillingAction.test.ts > Tilling Action > Acceptance Criterion 7: EventBus Integration > should emit soil:tilled event with biome data
[SoilSystem] ===== TILLING TILE AT (5, 5) =====
[SoilSystem] Current tile state: {
  terrain: 'grass',
  tilled: false,
  biome: 'plains',
  fertility: 50,
  moisture: 50,
  plantability: 0
}
[SoilSystem] ✅ Validation passed - proceeding with tilling
[SoilSystem] ℹ️ MANUAL TILLING (keyboard shortcut T) - Using HANDS by default (50% efficiency, 20s duration)
[SoilSystem] 💡 TIP: To use agent tools, SELECT AN AGENT FIRST, then press T
[SoilSystem] 🔨 Available tools: HOE (100% efficiency, 10s) > SHOVEL (80%, 12.5s) > HANDS (50%, 20s)
[SoilSystem] Tool: hands, Estimated duration: 20.0s (efficiency: 50%)
[SoilSystem] Changed terrain: grass → dirt
[SoilSystem] Set fertility based on biome 'plains': 50.00 → 73.26
[SoilSystem] Set tile as plantable: tilled=true, plantability=3/3 uses
[SoilSystem] Initialized nutrients (NPK): { nitrogen: '73.26', phosphorus: '58.61', potassium: '65.93' }
[SoilSystem] Emitting soil:tilled event: {
  type: 'soil:tilled',
  source: 'soil-system',
  data: {
    position: { x: 5, y: 5 },
    fertility: 73.25706521043223,
    biome: 'plains'
  }
}
[SoilSystem] ===== TILLING COMPLETE =====

stdout | packages/core/src/systems/__tests__/TillingAction.test.ts > Tilling Action > Acceptance Criterion 8: Fertility by Biome > should set fertility 70-80 for plains biome
[SoilSystem] ===== TILLING TILE AT (5, 5) =====
[SoilSystem] Current tile state: {
  terrain: 'grass',
  tilled: false,
  biome: 'plains',
  fertility: 50,
  moisture: 50,
  plantability: 0
}
[SoilSystem] ✅ Validation passed - proceeding with tilling
[SoilSystem] ℹ️ MANUAL TILLING (keyboard shortcut T) - Using HANDS by default (50% efficiency, 20s duration)
[SoilSystem] 💡 TIP: To use agent tools, SELECT AN AGENT FIRST, then press T
[SoilSystem] 🔨 Available tools: HOE (100% efficiency, 10s) > SHOVEL (80%, 12.5s) > HANDS (50%, 20s)
[SoilSystem] Tool: hands, Estimated duration: 20.0s (efficiency: 50%)
[SoilSystem] Changed terrain: grass → dirt
[SoilSystem] Set fertility based on biome 'plains': 50.00 → 70.88
[SoilSystem] Set tile as plantable: tilled=true, plantability=3/3 uses
[SoilSystem] Initialized nutrients (NPK): { nitrogen: '70.88', phosphorus: '56.71', potassium: '63.79' }
[SoilSystem] Emitting soil:tilled event: {
  type: 'soil:tilled',
  source: 'soil-system',
  data: {
    position: { x: 5, y: 5 },
    fertility: 70.88211033508993,
    biome: 'plains'
  }
}
[SoilSystem] ===== TILLING COMPLETE =====

stdout | packages/core/src/systems/__tests__/TillingAction.test.ts > Tilling Action > Acceptance Criterion 8: Fertility by Biome > should set fertility 60-70 for forest biome
[SoilSystem] ===== TILLING TILE AT (5, 5) =====
[SoilSystem] Current tile state: {
  terrain: 'grass',
  tilled: false,
  biome: 'forest',
  fertility: 50,
  moisture: 50,
  plantability: 0
}
[SoilSystem] ✅ Validation passed - proceeding with tilling
[SoilSystem] ℹ️ MANUAL TILLING (keyboard shortcut T) - Using HANDS by default (50% efficiency, 20s duration)
[SoilSystem] 💡 TIP: To use agent tools, SELECT AN AGENT FIRST, then press T
[SoilSystem] 🔨 Available tools: HOE (100% efficiency, 10s) > SHOVEL (80%, 12.5s) > HANDS (50%, 20s)
[SoilSystem] Tool: hands, Estimated duration: 20.0s (efficiency: 50%)
[SoilSystem] Changed terrain: grass → dirt
[SoilSystem] Set fertility based on biome 'forest': 50.00 → 63.98
[SoilSystem] Set tile as plantable: tilled=true, plantability=3/3 uses
[SoilSystem] Initialized nutrients (NPK): { nitrogen: '63.98', phosphorus: '51.19', potassium: '57.58' }
[SoilSystem] Emitting soil:tilled event: {
  type: 'soil:tilled',
  source: 'soil-system',
  data: {
    position: { x: 5, y: 5 },
    fertility: 63.98150220557806,
    biome: 'forest'
  }
}
[SoilSystem] ===== TILLING COMPLETE =====

stdout | packages/core/src/systems/__tests__/TillingAction.test.ts > Tilling Action > Acceptance Criterion 8: Fertility by Biome > should set fertility 75-85 for river biome
[SoilSystem] ===== TILLING TILE AT (5, 5) =====
[SoilSystem] Current tile state: {
  terrain: 'grass',
  tilled: false,
  biome: 'river',
  fertility: 50,
  moisture: 50,
  plantability: 0
}
[SoilSystem] ✅ Validation passed - proceeding with tilling
[SoilSystem] ℹ️ MANUAL TILLING (keyboard shortcut T) - Using HANDS by default (50% efficiency, 20s duration)
[SoilSystem] 💡 TIP: To use agent tools, SELECT AN AGENT FIRST, then press T
[SoilSystem] 🔨 Available tools: HOE (100% efficiency, 10s) > SHOVEL (80%, 12.5s) > HANDS (50%, 20s)
[SoilSystem] Tool: hands, Estimated duration: 20.0s (efficiency: 50%)
[SoilSystem] Changed terrain: grass → dirt
[SoilSystem] Set fertility based on biome 'river': 50.00 → 78.19
[SoilSystem] Set tile as plantable: tilled=true, plantability=3/3 uses
[SoilSystem] Initialized nutrients (NPK): { nitrogen: '78.19', phosphorus: '62.55', potassium: '70.37' }
[SoilSystem] Emitting soil:tilled event: {
  type: 'soil:tilled',
  source: 'soil-system',
  data: {
    position: { x: 5, y: 5 },
    fertility: 78.19316880208434,
    biome: 'river'
  }
}
[SoilSystem] ===== TILLING COMPLETE =====

stdout | packages/core/src/systems/__tests__/TillingAction.test.ts > Tilling Action > Acceptance Criterion 8: Fertility by Biome > should set fertility 20-30 for desert biome
[SoilSystem] ===== TILLING TILE AT (5, 5) =====
[SoilSystem] Current tile state: {
  terrain: 'grass',
  tilled: false,
  biome: 'desert',
  fertility: 50,
  moisture: 50,
  plantability: 0
}
[SoilSystem] ✅ Validation passed - proceeding with tilling
[SoilSystem] ℹ️ MANUAL TILLING (keyboard shortcut T) - Using HANDS by default (50% efficiency, 20s duration)
[SoilSystem] 💡 TIP: To use agent tools, SELECT AN AGENT FIRST, then press T
[SoilSystem] 🔨 Available tools: HOE (100% efficiency, 10s) > SHOVEL (80%, 12.5s) > HANDS (50%, 20s)
[SoilSystem] Tool: hands, Estimated duration: 20.0s (efficiency: 50%)
[SoilSystem] Changed terrain: grass → dirt
[SoilSystem] Set fertility based on biome 'desert': 50.00 → 29.58
[SoilSystem] Set tile as plantable: tilled=true, plantability=3/3 uses
[SoilSystem] Initialized nutrients (NPK): { nitrogen: '29.58', phosphorus: '23.66', potassium: '26.62' }
[SoilSystem] Emitting soil:tilled event: {
  type: 'soil:tilled',
  source: 'soil-system',
  data: {
    position: { x: 5, y: 5 },
    fertility: 29.575841135661967,
    biome: 'desert'
  }
}
[SoilSystem] ===== TILLING COMPLETE =====

stdout | packages/core/src/systems/__tests__/TillingAction.test.ts > Tilling Action > Acceptance Criterion 8: Fertility by Biome > should set fertility 40-50 for mountains biome
[SoilSystem] ===== TILLING TILE AT (5, 5) =====
[SoilSystem] Current tile state: {
  terrain: 'grass',
  tilled: false,
  biome: 'mountains',
  fertility: 50,
  moisture: 50,
  plantability: 0
}
[SoilSystem] ✅ Validation passed - proceeding with tilling
[SoilSystem] ℹ️ MANUAL TILLING (keyboard shortcut T) - Using HANDS by default (50% efficiency, 20s duration)
[SoilSystem] 💡 TIP: To use agent tools, SELECT AN AGENT FIRST, then press T
[SoilSystem] 🔨 Available tools: HOE (100% efficiency, 10s) > SHOVEL (80%, 12.5s) > HANDS (50%, 20s)
[SoilSystem] Tool: hands, Estimated duration: 20.0s (efficiency: 50%)
[SoilSystem] Changed terrain: grass → dirt
[SoilSystem] Set fertility based on biome 'mountains': 50.00 → 49.30
[SoilSystem] Set tile as plantable: tilled=true, plantability=3/3 uses
[SoilSystem] Initialized nutrients (NPK): { nitrogen: '49.30', phosphorus: '39.44', potassium: '44.37' }
[SoilSystem] Emitting soil:tilled event: {
  type: 'soil:tilled',
  source: 'soil-system',
  data: {
    position: { x: 5, y: 5 },
    fertility: 49.29613385992619,
    biome: 'mountains'
  }
}
[SoilSystem] ===== TILLING COMPLETE =====

stdout | packages/core/src/systems/__tests__/TillingAction.test.ts > Tilling Action > Acceptance Criterion 8: Fertility by Biome > should set fertility 0 for ocean biome (not tillable)
[SoilSystem] ===== TILLING TILE AT (5, 5) =====
[SoilSystem] Current tile state: {
  terrain: 'grass',
  tilled: false,
  biome: 'ocean',
  fertility: 50,
  moisture: 50,
  plantability: 0
}
[SoilSystem] ✅ Validation passed - proceeding with tilling
[SoilSystem] ℹ️ MANUAL TILLING (keyboard shortcut T) - Using HANDS by default (50% efficiency, 20s duration)
[SoilSystem] 💡 TIP: To use agent tools, SELECT AN AGENT FIRST, then press T
[SoilSystem] 🔨 Available tools: HOE (100% efficiency, 10s) > SHOVEL (80%, 12.5s) > HANDS (50%, 20s)
[SoilSystem] Tool: hands, Estimated duration: 20.0s (efficiency: 50%)
[SoilSystem] Changed terrain: grass → dirt
[SoilSystem] Set fertility based on biome 'ocean': 50.00 → 0.00
[SoilSystem] Set tile as plantable: tilled=true, plantability=3/3 uses
[SoilSystem] Initialized nutrients (NPK): { nitrogen: '0.00', phosphorus: '0.00', potassium: '0.00' }
[SoilSystem] Emitting soil:tilled event: {
  type: 'soil:tilled',
  source: 'soil-system',
  data: { position: { x: 5, y: 5 }, fertility: 0, biome: 'ocean' }
}
[SoilSystem] ===== TILLING COMPLETE =====

stdout | packages/core/src/systems/__tests__/TillingAction.test.ts > Tilling Action > Acceptance Criterion 11: CLAUDE.md Compliance - No Silent Fallbacks > should throw when tile is null/undefined
[SoilSystem] ===== TILLING TILE AT (5, 5) =====

stdout | packages/core/src/systems/__tests__/TillingAction.test.ts > Tilling Action > Acceptance Criterion 11: CLAUDE.md Compliance - No Silent Fallbacks > should throw when position is invalid
[SoilSystem] ===== TILLING TILE AT (NaN, 5) =====
[SoilSystem] Current tile state: {
  terrain: 'grass',
  tilled: false,
  biome: 'plains',
  fertility: 50,
  moisture: 50,
  plantability: 0
}

stderr | packages/core/src/systems/__tests__/TillingAction.test.ts > Tilling Action > Acceptance Criterion 11: CLAUDE.md Compliance - No Silent Fallbacks > should throw when position is invalid
[SoilSystem] ❌ ERROR: tillTile requires valid position coordinates, got (NaN,5)

stdout | packages/core/src/systems/__tests__/TillingAction.test.ts > Tilling Action > Acceptance Criterion 11: CLAUDE.md Compliance - No Silent Fallbacks > should throw clear error message for invalid terrain
[SoilSystem] ===== TILLING TILE AT (5, 5) =====
[SoilSystem] Current tile state: {
  terrain: 'stone',
  tilled: false,
  biome: 'mountains',
  fertility: 50,
  moisture: 50,
  plantability: 0
}

stderr | packages/core/src/systems/__tests__/TillingAction.test.ts > Tilling Action > Acceptance Criterion 11: CLAUDE.md Compliance - No Silent Fallbacks > should throw clear error message for invalid terrain
[SoilSystem] ❌ ERROR: Cannot till stone terrain at (5,5). Only grass and dirt can be tilled.

stdout | packages/core/src/systems/__tests__/TillingAction.test.ts > Tilling Action > Acceptance Criterion 11: CLAUDE.md Compliance - No Silent Fallbacks > should NOT use fallback fertility values
[SoilSystem] ===== TILLING TILE AT (5, 5) =====
[SoilSystem] Current tile state: {
  terrain: 'grass',
  tilled: false,
  biome: 'plains',
  fertility: 50,
  moisture: 50,
  plantability: 0
}
[SoilSystem] ✅ Validation passed - proceeding with tilling
[SoilSystem] ℹ️ MANUAL TILLING (keyboard shortcut T) - Using HANDS by default (50% efficiency, 20s duration)
[SoilSystem] 💡 TIP: To use agent tools, SELECT AN AGENT FIRST, then press T
[SoilSystem] 🔨 Available tools: HOE (100% efficiency, 10s) > SHOVEL (80%, 12.5s) > HANDS (50%, 20s)
[SoilSystem] Tool: hands, Estimated duration: 20.0s (efficiency: 50%)
[SoilSystem] Changed terrain: grass → dirt
[SoilSystem] Set fertility based on biome 'plains': 50.00 → 71.54
[SoilSystem] Set tile as plantable: tilled=true, plantability=3/3 uses
[SoilSystem] Initialized nutrients (NPK): { nitrogen: '71.54', phosphorus: '57.23', potassium: '64.38' }
[SoilSystem] Emitting soil:tilled event: {
  type: 'soil:tilled',
  source: 'soil-system',
  data: {
    position: { x: 5, y: 5 },
    fertility: 71.53791814813226,
    biome: 'plains'
  }
}
[SoilSystem] ===== TILLING COMPLETE =====

stdout | packages/core/src/systems/__tests__/TillingAction.test.ts > Tilling Action > Acceptance Criterion 11: CLAUDE.md Compliance - No Silent Fallbacks > should NOT catch and swallow errors
[SoilSystem] ===== TILLING TILE AT (5, 5) =====
[SoilSystem] Current tile state: {
  terrain: 'water',
  tilled: false,
  biome: 'river',
  fertility: 50,
  moisture: 50,
  plantability: 0
}

stderr | packages/core/src/systems/__tests__/TillingAction.test.ts > Tilling Action > Acceptance Criterion 11: CLAUDE.md Compliance - No Silent Fallbacks > should NOT catch and swallow errors
[SoilSystem] ❌ ERROR: Cannot till water terrain at (5,5). Only grass and dirt can be tilled.

stdout | packages/core/src/systems/__tests__/TillingAction.test.ts > Tilling Action > Acceptance Criterion 12: Idempotency - Re-tilling > should allow re-tilling an already-tilled depleted tile
[SoilSystem] ===== TILLING TILE AT (5, 5) =====
[SoilSystem] Current tile state: {
  terrain: 'grass',
  tilled: false,
  biome: 'plains',
  fertility: 50,
  moisture: 50,
  plantability: 0
}
[SoilSystem] ✅ Validation passed - proceeding with tilling
[SoilSystem] ℹ️ MANUAL TILLING (keyboard shortcut T) - Using HANDS by default (50% efficiency, 20s duration)
[SoilSystem] 💡 TIP: To use agent tools, SELECT AN AGENT FIRST, then press T
[SoilSystem] 🔨 Available tools: HOE (100% efficiency, 10s) > SHOVEL (80%, 12.5s) > HANDS (50%, 20s)
[SoilSystem] Tool: hands, Estimated duration: 20.0s (efficiency: 50%)
[SoilSystem] Changed terrain: grass → dirt
[SoilSystem] Set fertility based on biome 'plains': 50.00 → 76.31
[SoilSystem] Set tile as plantable: tilled=true, plantability=3/3 uses
[SoilSystem] Initialized nutrients (NPK): { nitrogen: '76.31', phosphorus: '61.05', potassium: '68.68' }
[SoilSystem] Emitting soil:tilled event: {
  type: 'soil:tilled',
  source: 'soil-system',
  data: {
    position: { x: 5, y: 5 },
    fertility: 76.31197860092537,
    biome: 'plains'
  }
}
[SoilSystem] ===== TILLING COMPLETE =====
[SoilSystem] ===== TILLING TILE AT (5, 5) =====
[SoilSystem] Current tile state: {
  terrain: 'dirt',
  tilled: true,
  biome: 'plains',
  fertility: 76.31197860092537,
  moisture: 50,
  plantability: 0
}
[SoilSystem] ✅ Validation passed - proceeding with tilling
[SoilSystem] ℹ️ MANUAL TILLING (keyboard shortcut T) - Using HANDS by default (50% efficiency, 20s duration)
[SoilSystem] 💡 TIP: To use agent tools, SELECT AN AGENT FIRST, then press T
[SoilSystem] 🔨 Available tools: HOE (100% efficiency, 10s) > SHOVEL (80%, 12.5s) > HANDS (50%, 20s)
[SoilSystem] Tool: hands, Estimated duration: 20.0s (efficiency: 50%)
[SoilSystem] Changed terrain: dirt → dirt
[SoilSystem] Set fertility based on biome 'plains': 76.31 → 71.10
[SoilSystem] Set tile as plantable: tilled=true, plantability=3/3 uses
[SoilSystem] Initialized nutrients (NPK): { nitrogen: '71.10', phosphorus: '56.88', potassium: '63.99' }
[SoilSystem] Emitting soil:tilled event: {
  type: 'soil:tilled',
  source: 'soil-system',
  data: {
    position: { x: 5, y: 5 },
    fertility: 71.09883022919809,
    biome: 'plains'
  }
}
[SoilSystem] ===== TILLING COMPLETE =====

stdout | packages/core/src/systems/__tests__/TillingAction.test.ts > Tilling Action > Acceptance Criterion 12: Idempotency - Re-tilling > should reset plantability counter to 3 when re-tilling
[SoilSystem] ===== TILLING TILE AT (5, 5) =====
[SoilSystem] Current tile state: {
  terrain: 'dirt',
  tilled: true,
  biome: 'plains',
  fertility: 50,
  moisture: 50,
  plantability: 0
}
[SoilSystem] ✅ Validation passed - proceeding with tilling
[SoilSystem] ℹ️ MANUAL TILLING (keyboard shortcut T) - Using HANDS by default (50% efficiency, 20s duration)
[SoilSystem] 💡 TIP: To use agent tools, SELECT AN AGENT FIRST, then press T
[SoilSystem] 🔨 Available tools: HOE (100% efficiency, 10s) > SHOVEL (80%, 12.5s) > HANDS (50%, 20s)
[SoilSystem] Tool: hands, Estimated duration: 20.0s (efficiency: 50%)
[SoilSystem] Changed terrain: dirt → dirt
[SoilSystem] Set fertility based on biome 'plains': 50.00 → 76.77
[SoilSystem] Set tile as plantable: tilled=true, plantability=3/3 uses
[SoilSystem] Initialized nutrients (NPK): { nitrogen: '76.77', phosphorus: '61.42', potassium: '69.09' }
[SoilSystem] Emitting soil:tilled event: {
  type: 'soil:tilled',
  source: 'soil-system',
  data: {
    position: { x: 5, y: 5 },
    fertility: 76.76926859181884,
    biome: 'plains'
  }
}
[SoilSystem] ===== TILLING COMPLETE =====

stdout | packages/core/src/systems/__tests__/TillingAction.test.ts > Tilling Action > Acceptance Criterion 12: Idempotency - Re-tilling > should refresh fertility when re-tilling
[SoilSystem] ===== TILLING TILE AT (5, 5) =====
[SoilSystem] Current tile state: {
  terrain: 'dirt',
  tilled: true,
  biome: 'plains',
  fertility: 30,
  moisture: 50,
  plantability: 0
}
[SoilSystem] ✅ Validation passed - proceeding with tilling
[SoilSystem] ℹ️ MANUAL TILLING (keyboard shortcut T) - Using HANDS by default (50% efficiency, 20s duration)
[SoilSystem] 💡 TIP: To use agent tools, SELECT AN AGENT FIRST, then press T
[SoilSystem] 🔨 Available tools: HOE (100% efficiency, 10s) > SHOVEL (80%, 12.5s) > HANDS (50%, 20s)
[SoilSystem] Tool: hands, Estimated duration: 20.0s (efficiency: 50%)
[SoilSystem] Changed terrain: dirt → dirt
[SoilSystem] Set fertility based on biome 'plains': 30.00 → 76.18
[SoilSystem] Set tile as plantable: tilled=true, plantability=3/3 uses
[SoilSystem] Initialized nutrients (NPK): { nitrogen: '76.18', phosphorus: '60.94', potassium: '68.56' }
[SoilSystem] Emitting soil:tilled event: {
  type: 'soil:tilled',
  source: 'soil-system',
  data: {
    position: { x: 5, y: 5 },
    fertility: 76.17983363274446,
    biome: 'plains'
  }
}
[SoilSystem] ===== TILLING COMPLETE =====

stdout | packages/core/src/systems/__tests__/TillingAction.test.ts > Tilling Action > Acceptance Criterion 12: Idempotency - Re-tilling > should emit tilling event when re-tilling
[SoilSystem] ===== TILLING TILE AT (5, 5) =====
[SoilSystem] Current tile state: {
  terrain: 'dirt',
  tilled: true,
  biome: 'plains',
  fertility: 50,
  moisture: 50,
  plantability: 0
}
[SoilSystem] ✅ Validation passed - proceeding with tilling
[SoilSystem] ℹ️ MANUAL TILLING (keyboard shortcut T) - Using HANDS by default (50% efficiency, 20s duration)
[SoilSystem] 💡 TIP: To use agent tools, SELECT AN AGENT FIRST, then press T
[SoilSystem] 🔨 Available tools: HOE (100% efficiency, 10s) > SHOVEL (80%, 12.5s) > HANDS (50%, 20s)
[SoilSystem] Tool: hands, Estimated duration: 20.0s (efficiency: 50%)
[SoilSystem] Changed terrain: dirt → dirt
[SoilSystem] Set fertility based on biome 'plains': 50.00 → 77.94
[SoilSystem] Set tile as plantable: tilled=true, plantability=3/3 uses
[SoilSystem] Initialized nutrients (NPK): { nitrogen: '77.94', phosphorus: '62.35', potassium: '70.15' }
[SoilSystem] Emitting soil:tilled event: {
  type: 'soil:tilled',
  source: 'soil-system',
  data: {
    position: { x: 5, y: 5 },
    fertility: 77.94095631788849,
    biome: 'plains'
  }
}
[SoilSystem] ===== TILLING COMPLETE =====

stdout | packages/core/src/systems/__tests__/TillingAction.test.ts > Tilling Action > Edge Cases > should throw error when tilling tile without biome (CLAUDE.md)
[SoilSystem] ===== TILLING TILE AT (5, 5) =====
[SoilSystem] Current tile state: {
  terrain: 'grass',
  tilled: false,
  biome: undefined,
  fertility: 50,
  moisture: 50,
  plantability: 0
}

stderr | packages/core/src/systems/__tests__/TillingAction.test.ts > Tilling Action > Edge Cases > should throw error when tilling tile without biome (CLAUDE.md)
[SoilSystem] ❌ CRITICAL ERROR: Tile at (5,5) has no biome data. Terrain generation failed or chunk not generated. Cannot determine fertility for farming.
[SoilSystem] Tile state: {
  "terrain": "grass",
  "moisture": 50,
  "fertility": 50,
  "tilled": false,
  "plantability": 0,
  "nutrients": {
    "nitrogen": 0,
    "phosphorus": 0,
    "potassium": 0
  },
  "fertilized": false,
  "fertilizerDuration": 0,
  "lastWatered": 0,
  "composted": false
}

stdout | packages/core/src/systems/__tests__/TillingAction.test.ts > Tilling Action > Edge Cases > should handle tilling at negative coordinates
[SoilSystem] ===== TILLING TILE AT (-5, -5) =====
[SoilSystem] Current tile state: {
  terrain: 'grass',
  tilled: false,
  biome: 'plains',
  fertility: 50,
  moisture: 50,
  plantability: 0
}
[SoilSystem] ✅ Validation passed - proceeding with tilling
[SoilSystem] ℹ️ MANUAL TILLING (keyboard shortcut T) - Using HANDS by default (50% efficiency, 20s duration)
[SoilSystem] 💡 TIP: To use agent tools, SELECT AN AGENT FIRST, then press T
[SoilSystem] 🔨 Available tools: HOE (100% efficiency, 10s) > SHOVEL (80%, 12.5s) > HANDS (50%, 20s)
[SoilSystem] Tool: hands, Estimated duration: 20.0s (efficiency: 50%)
[SoilSystem] Changed terrain: grass → dirt
[SoilSystem] Set fertility based on biome 'plains': 50.00 → 79.03
[SoilSystem] Set tile as plantable: tilled=true, plantability=3/3 uses
[SoilSystem] Initialized nutrients (NPK): { nitrogen: '79.03', phosphorus: '63.23', potassium: '71.13' }
[SoilSystem] Emitting soil:tilled event: {
  type: 'soil:tilled',
  source: 'soil-system',
  data: {
    position: { x: -5, y: -5 },
    fertility: 79.03266632117494,
    biome: 'plains'
  }
}
[SoilSystem] ===== TILLING COMPLETE =====

stdout | packages/core/src/systems/__tests__/TillingAction.test.ts > Tilling Action > Edge Cases > should handle tilling at large coordinates
[SoilSystem] ===== TILLING TILE AT (1000, 1000) =====
[SoilSystem] Current tile state: {
  terrain: 'grass',
  tilled: false,
  biome: 'plains',
  fertility: 50,
  moisture: 50,
  plantability: 0
}
[SoilSystem] ✅ Validation passed - proceeding with tilling
[SoilSystem] ℹ️ MANUAL TILLING (keyboard shortcut T) - Using HANDS by default (50% efficiency, 20s duration)
[SoilSystem] 💡 TIP: To use agent tools, SELECT AN AGENT FIRST, then press T
[SoilSystem] 🔨 Available tools: HOE (100% efficiency, 10s) > SHOVEL (80%, 12.5s) > HANDS (50%, 20s)
[SoilSystem] Tool: hands, Estimated duration: 20.0s (efficiency: 50%)
[SoilSystem] Changed terrain: grass → dirt
[SoilSystem] Set fertility based on biome 'plains': 50.00 → 70.24
[SoilSystem] Set tile as plantable: tilled=true, plantability=3/3 uses
[SoilSystem] Initialized nutrients (NPK): { nitrogen: '70.24', phosphorus: '56.19', potassium: '63.21' }
[SoilSystem] Emitting soil:tilled event: {
  type: 'soil:tilled',
  source: 'soil-system',
  data: {
    position: { x: 1000, y: 1000 },
    fertility: 70.23685594274801,
    biome: 'plains'
  }
}
[SoilSystem] ===== TILLING COMPLETE =====

stdout | packages/core/src/systems/__tests__/TillingAction.test.ts > Tilling Action > Edge Cases > should preserve existing moisture when tilling
[SoilSystem] ===== TILLING TILE AT (5, 5) =====
[SoilSystem] Current tile state: {
  terrain: 'grass',
  tilled: false,
  biome: 'plains',
  fertility: 50,
  moisture: 75,
  plantability: 0
}
[SoilSystem] ✅ Validation passed - proceeding with tilling
[SoilSystem] ℹ️ MANUAL TILLING (keyboard shortcut T) - Using HANDS by default (50% efficiency, 20s duration)
[SoilSystem] 💡 TIP: To use agent tools, SELECT AN AGENT FIRST, then press T
[SoilSystem] 🔨 Available tools: HOE (100% efficiency, 10s) > SHOVEL (80%, 12.5s) > HANDS (50%, 20s)
[SoilSystem] Tool: hands, Estimated duration: 20.0s (efficiency: 50%)
[SoilSystem] Changed terrain: grass → dirt
[SoilSystem] Set fertility based on biome 'plains': 50.00 → 76.57
[SoilSystem] Set tile as plantable: tilled=true, plantability=3/3 uses
[SoilSystem] Initialized nutrients (NPK): { nitrogen: '76.57', phosphorus: '61.26', potassium: '68.91' }
[SoilSystem] Emitting soil:tilled event: {
  type: 'soil:tilled',
  source: 'soil-system',
  data: {
    position: { x: 5, y: 5 },
    fertility: 76.57100592325088,
    biome: 'plains'
  }
}
[SoilSystem] ===== TILLING COMPLETE =====

stdout | packages/core/src/systems/__tests__/TillingAction.test.ts > Tilling Action > Edge Cases > should reset fertilizer state when tilling
[SoilSystem] ===== TILLING TILE AT (5, 5) =====
[SoilSystem] Current tile state: {
  terrain: 'dirt',
  tilled: false,
  biome: 'plains',
  fertility: 50,
  moisture: 50,
  plantability: 0
}
[SoilSystem] ✅ Validation passed - proceeding with tilling
[SoilSystem] ℹ️ MANUAL TILLING (keyboard shortcut T) - Using HANDS by default (50% efficiency, 20s duration)
[SoilSystem] 💡 TIP: To use agent tools, SELECT AN AGENT FIRST, then press T
[SoilSystem] 🔨 Available tools: HOE (100% efficiency, 10s) > SHOVEL (80%, 12.5s) > HANDS (50%, 20s)
[SoilSystem] Tool: hands, Estimated duration: 20.0s (efficiency: 50%)
[SoilSystem] Changed terrain: dirt → dirt
[SoilSystem] Set fertility based on biome 'plains': 50.00 → 76.54
[SoilSystem] Set tile as plantable: tilled=true, plantability=3/3 uses
[SoilSystem] Initialized nutrients (NPK): { nitrogen: '76.54', phosphorus: '61.23', potassium: '68.88' }
[SoilSystem] Emitting soil:tilled event: {
  type: 'soil:tilled',
  source: 'soil-system',
  data: {
    position: { x: 5, y: 5 },
    fertility: 76.53860215688454,
    biome: 'plains'
  }
}
[SoilSystem] ===== TILLING COMPLETE =====

stdout | packages/core/src/systems/__tests__/TillingAction.test.ts > Tilling Action > Integration with Other Systems > should work with PlantSystem (planted flag check)
[SoilSystem] ===== TILLING TILE AT (5, 5) =====
[SoilSystem] Current tile state: {
  terrain: 'grass',
  tilled: false,
  biome: 'plains',
  fertility: 50,
  moisture: 50,
  plantability: 0
}
[SoilSystem] ✅ Validation passed - proceeding with tilling
[SoilSystem] ℹ️ MANUAL TILLING (keyboard shortcut T) - Using HANDS by default (50% efficiency, 20s duration)
[SoilSystem] 💡 TIP: To use agent tools, SELECT AN AGENT FIRST, then press T
[SoilSystem] 🔨 Available tools: HOE (100% efficiency, 10s) > SHOVEL (80%, 12.5s) > HANDS (50%, 20s)
[SoilSystem] Tool: hands, Estimated duration: 20.0s (efficiency: 50%)
[SoilSystem] Changed terrain: grass → dirt
[SoilSystem] Set fertility based on biome 'plains': 50.00 → 76.35
[SoilSystem] Set tile as plantable: tilled=true, plantability=3/3 uses
[SoilSystem] Initialized nutrients (NPK): { nitrogen: '76.35', phosphorus: '61.08', potassium: '68.72' }
[SoilSystem] Emitting soil:tilled event: {
  type: 'soil:tilled',
  source: 'soil-system',
  data: {
    position: { x: 5, y: 5 },
    fertility: 76.35319313937674,
    biome: 'plains'
  }
}
[SoilSystem] ===== TILLING COMPLETE =====

stdout | packages/core/src/systems/__tests__/TillingAction.test.ts > Tilling Action > Integration with Other Systems > should work with WaterSystem (moisture tracking)
[SoilSystem] ===== TILLING TILE AT (5, 5) =====
[SoilSystem] Current tile state: {
  terrain: 'grass',
  tilled: false,
  biome: 'plains',
  fertility: 50,
  moisture: 50,
  plantability: 0
}
[SoilSystem] ✅ Validation passed - proceeding with tilling
[SoilSystem] ℹ️ MANUAL TILLING (keyboard shortcut T) - Using HANDS by default (50% efficiency, 20s duration)
[SoilSystem] 💡 TIP: To use agent tools, SELECT AN AGENT FIRST, then press T
[SoilSystem] 🔨 Available tools: HOE (100% efficiency, 10s) > SHOVEL (80%, 12.5s) > HANDS (50%, 20s)
[SoilSystem] Tool: hands, Estimated duration: 20.0s (efficiency: 50%)
[SoilSystem] Changed terrain: grass → dirt
[SoilSystem] Set fertility based on biome 'plains': 50.00 → 77.55
[SoilSystem] Set tile as plantable: tilled=true, plantability=3/3 uses
[SoilSystem] Initialized nutrients (NPK): { nitrogen: '77.55', phosphorus: '62.04', potassium: '69.80' }
[SoilSystem] Emitting soil:tilled event: {
  type: 'soil:tilled',
  source: 'soil-system',
  data: {
    position: { x: 5, y: 5 },
    fertility: 77.55323143959586,
    biome: 'plains'
  }
}
[SoilSystem] ===== TILLING COMPLETE =====

stdout | packages/core/src/systems/__tests__/TillingAction.test.ts > Tilling Action > Integration with Other Systems > should work with WeatherSystem (rain effects)
[SoilSystem] ===== TILLING TILE AT (5, 5) =====
[SoilSystem] Current tile state: {
  terrain: 'grass',
  tilled: false,
  biome: 'plains',
  fertility: 50,
  moisture: 50,
  plantability: 0
}
[SoilSystem] ✅ Validation passed - proceeding with tilling
[SoilSystem] ℹ️ MANUAL TILLING (keyboard shortcut T) - Using HANDS by default (50% efficiency, 20s duration)
[SoilSystem] 💡 TIP: To use agent tools, SELECT AN AGENT FIRST, then press T
[SoilSystem] 🔨 Available tools: HOE (100% efficiency, 10s) > SHOVEL (80%, 12.5s) > HANDS (50%, 20s)
[SoilSystem] Tool: hands, Estimated duration: 20.0s (efficiency: 50%)
[SoilSystem] Changed terrain: grass → dirt
[SoilSystem] Set fertility based on biome 'plains': 50.00 → 76.55
[SoilSystem] Set tile as plantable: tilled=true, plantability=3/3 uses
[SoilSystem] Initialized nutrients (NPK): { nitrogen: '76.55', phosphorus: '61.24', potassium: '68.90' }
[SoilSystem] Emitting soil:tilled event: {
  type: 'soil:tilled',
  source: 'soil-system',
  data: {
    position: { x: 5, y: 5 },
    fertility: 76.55405016703729,
    biome: 'plains'
  }
}
[SoilSystem] ===== TILLING COMPLETE =====

 ✓ packages/core/src/systems/__tests__/TillingAction.test.ts  (55 tests) 12ms
 ✓ packages/core/src/__tests__/AnimalHousing.test.ts  (27 tests | 5 skipped) 4ms
 ✓ packages/core/src/components/__tests__/EpisodicMemoryComponent.test.ts  (29 tests) 6ms
 ✓ packages/core/src/__tests__/AnimalProduction.test.ts  (15 tests) 8ms
 ✓ packages/core/src/__tests__/TamingSystem.test.ts  (17 tests) 11ms
 ✓ packages/core/src/systems/__tests__/ResourceGathering.test.ts  (37 tests) 11ms
 ✓ packages/core/src/__tests__/AnimalHousingIntegration.test.ts  (14 tests | 1 skipped) 7ms
 ✓ packages/core/src/systems/__tests__/JournalingSystem.test.ts  (22 tests | 17 skipped) 3ms
 ✓ packages/core/src/systems/__tests__/AgentBuildingOrchestration.test.ts  (28 tests) 8ms
stdout | packages/core/src/systems/__tests__/AgentBuildingOrchestration.test.ts > Agent Building Orchestration - Phase 7 > Criterion 1: Construction Progress Automation > should automatically increment progress each tick for buildings < 100%
[BuildingSystem] Processing 1 building entities (1 under construction) at tick 0

stdout | packages/core/src/systems/__tests__/AgentBuildingOrchestration.test.ts > Agent Building Orchestration - Phase 7 > Criterion 1: Construction Progress Automation > should calculate progress based on buildTime
[BuildingSystem] Processing 1 building entities (1 under construction) at tick 0

stdout | packages/core/src/systems/__tests__/AgentBuildingOrchestration.test.ts > Agent Building Orchestration - Phase 7 > Criterion 1: Construction Progress Automation > should not increment progress for completed buildings
[BuildingSystem] Processing 1 building entities (0 under construction) at tick 0

stdout | packages/core/src/systems/__tests__/AgentBuildingOrchestration.test.ts > Agent Building Orchestration - Phase 7 > Criterion 2: Resource Deduction > should deduct resources from agent inventory on construction start
[World.initiateConstruction] Consumed resources for tent: 10 cloth, 5 wood

stdout | packages/core/src/systems/__tests__/AgentBuildingOrchestration.test.ts > Agent Building Orchestration - Phase 7 > Criterion 2: Resource Deduction > should deduct multiple resource types correctly
[World.initiateConstruction] Consumed resources for campfire: 10 stone, 5 wood

stdout | packages/core/src/systems/__tests__/AgentBuildingOrchestration.test.ts > Agent Building Orchestration - Phase 7 > Criterion 3: Building Completion > should emit building:complete event when progress reaches 100%
[BuildingSystem] Processing 1 building entities (1 under construction) at tick 0
[BuildingSystem] Construction progress: tent at (15, 20) - 99.0% → 100.0% (deltaTime=10.000s, buildTime=45s, increase=22.222%)
[BuildingSystem] 🏗️ Construction complete! tent at (15, 20)
[BuildingSystem] 🎉 building:complete event emitted for entity 37fe7db1

stdout | packages/core/src/systems/__tests__/AgentBuildingOrchestration.test.ts > Agent Building Orchestration - Phase 7 > Criterion 3: Building Completion > should mark building as complete when progress reaches 100%
[BuildingSystem] Processing 1 building entities (1 under construction) at tick 0
[BuildingSystem] Construction progress: tent at (10, 10) - 99.0% → 100.0% (deltaTime=10.000s, buildTime=45s, increase=22.222%)
[BuildingSystem] 🏗️ Construction complete! tent at (10, 10)
[BuildingSystem] 🎉 building:complete event emitted for entity e70eb8b3

stdout | packages/core/src/systems/__tests__/AgentBuildingOrchestration.test.ts > Agent Building Orchestration - Phase 7 > Criterion 3: Building Completion > should emit event exactly once when crossing 100% threshold
[BuildingSystem] Processing 1 building entities (1 under construction) at tick 0
[BuildingSystem] Construction progress: campfire at (10, 10) - 99.0% → 100.0% (deltaTime=10.000s, buildTime=30s, increase=33.333%)
[BuildingSystem] 🏗️ Construction complete! campfire at (10, 10)
[BuildingSystem] 🎉 building:complete event emitted for entity d55ed3b1
[BuildingSystem] Processing 1 building entities (0 under construction) at tick 0

stdout | packages/core/src/systems/__tests__/AgentBuildingOrchestration.test.ts > Agent Building Orchestration - Phase 7 > Criterion 3: Building Completion > should include position in completion event
[BuildingSystem] Processing 1 building entities (1 under construction) at tick 0
[BuildingSystem] Construction progress: workbench at (42, 84) - 99.0% → 100.0% (deltaTime=10.000s, buildTime=60s, increase=16.667%)
[BuildingSystem] 🏗️ Construction complete! workbench at (42, 84)
[BuildingSystem] 🎉 building:complete event emitted for entity 6333f4fe

stdout | packages/core/src/systems/__tests__/AgentBuildingOrchestration.test.ts > Agent Building Orchestration - Phase 7 > Criterion 4: Agent Autonomous Building (Integration) > should create construction site when agent initiates building
[World.initiateConstruction] Consumed resources for tent: 10 cloth, 5 wood

stdout | packages/core/src/systems/__tests__/AgentBuildingOrchestration.test.ts > Agent Building Orchestration - Phase 7 > Criterion 4: Agent Autonomous Building (Integration) > should emit construction:started event when construction begins
[World.initiateConstruction] Consumed resources for tent: 10 cloth, 5 wood

stdout | packages/core/src/systems/__tests__/AgentBuildingOrchestration.test.ts > Agent Building Orchestration - Phase 7 > Criterion 4: Agent Autonomous Building (Integration) > should complete full construction lifecycle
[World.initiateConstruction] Consumed resources for campfire: 10 stone, 5 wood
[BuildingSystem] Processing 1 building entities (1 under construction) at tick 0
[BuildingSystem] Construction progress: campfire at (10, 10) - 0.0% → 100.0% (deltaTime=31.000s, buildTime=30s, increase=103.333%)
[BuildingSystem] 🏗️ Construction complete! campfire at (10, 10)
[BuildingSystem] 🎉 building:complete event emitted for entity 500a7441

stdout | packages/core/src/systems/__tests__/AgentBuildingOrchestration.test.ts > Agent Building Orchestration - Phase 7 > Resource Deduction Edge Cases > should handle exact resource amounts correctly
[World.initiateConstruction] Consumed resources for tent: 10 cloth, 5 wood

stdout | packages/core/src/systems/__tests__/AgentBuildingOrchestration.test.ts > Agent Building Orchestration - Phase 7 > Resource Deduction Edge Cases > should leave excess resources in inventory
[World.initiateConstruction] Consumed resources for tent: 10 cloth, 5 wood

stdout | packages/core/src/systems/__tests__/AgentBuildingOrchestration.test.ts > Agent Building Orchestration - Phase 7 > Construction Progress Integration > should progress from 0% to 100% over buildTime
[World.initiateConstruction] Consumed resources for campfire: 10 stone, 5 wood
[BuildingSystem] Processing 1 building entities (1 under construction) at tick 0
[BuildingSystem] Construction progress: campfire at (10, 10) - 0.0% → 50.0% (deltaTime=15.000s, buildTime=30s, increase=50.000%)
[BuildingSystem] Processing 1 building entities (1 under construction) at tick 0
[BuildingSystem] Construction progress: campfire at (10, 10) - 50.0% → 100.0% (deltaTime=15.000s, buildTime=30s, increase=50.000%)
[BuildingSystem] 🏗️ Construction complete! campfire at (10, 10)
[BuildingSystem] 🎉 building:complete event emitted for entity 349c4286

stdout | packages/core/src/systems/__tests__/AgentBuildingOrchestration.test.ts > Agent Building Orchestration - Phase 7 > Construction Progress Integration > should handle fractional progress increments
[World.initiateConstruction] Consumed resources for tent: 10 cloth, 5 wood
[BuildingSystem] Processing 1 building entities (1 under construction) at tick 0
[BuildingSystem] Processing 1 building entities (1 under construction) at tick 0
[BuildingSystem] Processing 1 building entities (1 under construction) at tick 0
[BuildingSystem] Processing 1 building entities (1 under construction) at tick 0
[BuildingSystem] Processing 1 building entities (1 under construction) at tick 0
[BuildingSystem] Processing 1 building entities (1 under construction) at tick 0
[BuildingSystem] Processing 1 building entities (1 under construction) at tick 0
[BuildingSystem] Processing 1 building entities (1 under construction) at tick 0
[BuildingSystem] Processing 1 building entities (1 under construction) at tick 0
[BuildingSystem] Processing 1 building entities (1 under construction) at tick 0

stdout | packages/core/src/systems/__tests__/AgentBuildingOrchestration.test.ts > Agent Building Orchestration - Phase 7 > Multiple Buildings Simultaneously > should handle multiple buildings under construction at once
[World.initiateConstruction] Consumed resources for tent: 10 cloth, 5 wood
[World.initiateConstruction] Consumed resources for workbench: 20 wood
[World.initiateConstruction] Consumed resources for campfire: 10 stone, 5 wood
[BuildingSystem] Processing 3 building entities (3 under construction) at tick 0
[BuildingSystem] Construction progress: tent at (10, 10) - 0.0% → 11.1% (deltaTime=5.000s, buildTime=45s, increase=11.111%)
[BuildingSystem] Construction progress: workbench at (20, 10) - 0.0% → 8.3% (deltaTime=5.000s, buildTime=60s, increase=8.333%)
[BuildingSystem] Construction progress: campfire at (30, 10) - 0.0% → 16.7% (deltaTime=5.000s, buildTime=30s, increase=16.667%)

 ✓ packages/core/src/systems/__tests__/StorageDeposit.test.ts  (14 tests) 6ms
 ✓ packages/core/src/__tests__/AnimalSystem.test.ts  (18 tests) 7ms
 ✓ packages/core/src/buildings/__tests__/PlacementValidator.test.ts  (22 tests) 7ms
 ✓ packages/core/src/buildings/__tests__/CraftingStations.test.ts  (30 tests) 7ms
stdout | packages/core/src/systems/__tests__/ReflectionSystem.test.ts > ReflectionSystem > end-of-day reflection > should trigger reflection when agent sleeps
[Reflection] 💭 Agent de823837 is reflecting on 1 memories from today...
[Reflection] 💭 Reflection: "Reflecting on today: 1 significant moments stand out."
[Reflection] 💭 Insights: 

stdout | packages/core/src/systems/__tests__/ReflectionSystem.test.ts > ReflectionSystem > end-of-day reflection > should generate reflection from today's memories
[Reflection] 💭 Agent 96f554ce is reflecting on 2 memories from today...
[Reflection] 💭 Reflection: "Reflecting on today: 2 significant moments stand out."
[Reflection] 💭 Insights: 

stdout | packages/core/src/systems/__tests__/ReflectionSystem.test.ts > ReflectionSystem > end-of-day reflection > should mark important memories for consolidation
[Reflection] 💭 Agent e0abd71d is reflecting on 1 memories from today...
[Reflection] 💭 Reflection: "Reflecting on today: 1 significant moments stand out."
[Reflection] 💭 Insights: 

stdout | packages/core/src/systems/__tests__/ReflectionSystem.test.ts > ReflectionSystem > end-of-day reflection > should store reflection with timestamp
[Reflection] 💭 Agent cab88d08 is reflecting on 1 memories from today...
[Reflection] 💭 Reflection: "Reflecting on today: 1 significant moments stand out."
[Reflection] 💭 Insights: 

stdout | packages/core/src/systems/__tests__/ReflectionSystem.test.ts > ReflectionSystem > end-of-day reflection > should generate coherent reflection text via LLM
[Reflection] 💭 Agent 5a2a32a4 is reflecting on 1 memories from today...
[Reflection] 💭 Reflection: "Reflecting on today: 1 significant moments stand out."
[Reflection] 💭 Insights: 

stdout | packages/core/src/systems/__tests__/ReflectionSystem.test.ts > ReflectionSystem > reflection triggers > should trigger after significant event (importance > 0.7)
[Reflection] 💭 Agent 34b60552 is reflecting on 1 memories from today...
[Reflection] 💭 Reflection: "Reflecting on today: 1 significant moments stand out."
[Reflection] 💭 Insights: 

stdout | packages/core/src/systems/__tests__/ReflectionSystem.test.ts > ReflectionSystem > reflection triggers > should NOT reflect if no memories to reflect on
[Reflection] 💭 Agent 44519c74 has no memories to reflect on today

stdout | packages/core/src/systems/__tests__/ReflectionSystem.test.ts > ReflectionSystem > event emission > should emit reflection:completed when done
[Reflection] 💭 Agent 83d17b93 is reflecting on 1 memories from today...
[Reflection] 💭 Reflection: "Reflecting on today: 1 significant moments stand out."
[Reflection] 💭 Insights: 

stdout | packages/core/src/systems/__tests__/ReflectionSystem.test.ts > ReflectionSystem > event emission > should include agent ID in reflection:completed event
[Reflection] 💭 Agent 9327381d is reflecting on 1 memories from today...
[Reflection] 💭 Reflection: "Reflecting on today: 1 significant moments stand out."
[Reflection] 💭 Insights: 

 ✓ packages/core/src/systems/__tests__/ReflectionSystem.test.ts  (22 tests | 4 skipped) 9ms
stdout | packages/core/src/systems/__tests__/ConstructionProgress.test.ts > Construction Progress System - Phase 7 > Construction Progress Advancement > should advance construction progress based on time elapsed
[BuildingSystem] Processing 1 building entities (1 under construction) at tick 0

stdout | packages/core/src/systems/__tests__/ConstructionProgress.test.ts > Construction Progress System - Phase 7 > Construction Progress Advancement > should advance different buildings at different rates based on buildTime
[BuildingSystem] Processing 2 building entities (2 under construction) at tick 0

stdout | packages/core/src/systems/__tests__/ConstructionProgress.test.ts > Construction Progress System - Phase 7 > Construction Progress Advancement > should clamp progress to 100% maximum
[BuildingSystem] Processing 1 building entities (1 under construction) at tick 0
[BuildingSystem] Construction progress: tent at (0, 0) - 99.0% → 100.0% (deltaTime=1000.000s, buildTime=45s, increase=2222.222%)
[BuildingSystem] 🏗️ Construction complete! tent at (0, 0)
[BuildingSystem] 🎉 building:complete event emitted for entity 2fe3fe68

stdout | packages/core/src/systems/__tests__/ConstructionProgress.test.ts > Construction Progress System - Phase 7 > Construction Progress Advancement > should skip completed buildings
[BuildingSystem] Processing 1 building entities (0 under construction) at tick 0

stdout | packages/core/src/systems/__tests__/ConstructionProgress.test.ts > Construction Progress System - Phase 7 > Construction Progress Advancement > should handle multiple simultaneous constructions
[BuildingSystem] Processing 3 building entities (3 under construction) at tick 0
[BuildingSystem] Construction progress: tent at (0, 0) - 0.0% → 11.1% (deltaTime=5.000s, buildTime=45s, increase=11.111%)
[BuildingSystem] Construction progress: workbench at (10, 0) - 0.0% → 8.3% (deltaTime=5.000s, buildTime=60s, increase=8.333%)
[BuildingSystem] Construction progress: campfire at (20, 0) - 0.0% → 16.7% (deltaTime=5.000s, buildTime=30s, increase=16.667%)

stdout | packages/core/src/systems/__tests__/ConstructionProgress.test.ts > Construction Progress System - Phase 7 > Construction Completion > should mark building as complete when progress reaches 100%
[BuildingSystem] Processing 1 building entities (1 under construction) at tick 0
[BuildingSystem] Construction progress: tent at (0, 0) - 99.0% → 100.0% (deltaTime=10.000s, buildTime=45s, increase=22.222%)
[BuildingSystem] 🏗️ Construction complete! tent at (0, 0)
[BuildingSystem] 🎉 building:complete event emitted for entity 1c259244

stdout | packages/core/src/systems/__tests__/ConstructionProgress.test.ts > Construction Progress System - Phase 7 > Construction Completion > should emit "building:complete" event on completion
[BuildingSystem] Processing 1 building entities (1 under construction) at tick 0
[BuildingSystem] Construction progress: tent at (16, 32) - 99.0% → 100.0% (deltaTime=10.000s, buildTime=45s, increase=22.222%)
[BuildingSystem] 🏗️ Construction complete! tent at (16, 32)
[BuildingSystem] 🎉 building:complete event emitted for entity bc75c6c3

stdout | packages/core/src/systems/__tests__/ConstructionProgress.test.ts > Construction Progress System - Phase 7 > Construction Completion > should emit event with correct entity ID and building type
[BuildingSystem] Processing 1 building entities (1 under construction) at tick 0
[BuildingSystem] Construction progress: campfire at (0, 0) - 99.0% → 100.0% (deltaTime=10.000s, buildTime=30s, increase=33.333%)
[BuildingSystem] 🏗️ Construction complete! campfire at (0, 0)
[BuildingSystem] 🎉 building:complete event emitted for entity c2474ff6

stdout | packages/core/src/systems/__tests__/ConstructionProgress.test.ts > Construction Progress System - Phase 7 > Construction Completion > should only emit event once when crossing 100% threshold
[BuildingSystem] Processing 1 building entities (1 under construction) at tick 0
[BuildingSystem] Construction progress: tent at (0, 0) - 99.0% → 100.0% (deltaTime=10.000s, buildTime=45s, increase=22.222%)
[BuildingSystem] 🏗️ Construction complete! tent at (0, 0)
[BuildingSystem] 🎉 building:complete event emitted for entity 3765f6e1
[BuildingSystem] Processing 1 building entities (0 under construction) at tick 0

stdout | packages/core/src/systems/__tests__/ConstructionProgress.test.ts > Construction Progress System - Phase 7 > Error Handling per CLAUDE.md > should throw when entity missing BuildingComponent
[BuildingSystem] Processing 1 building entities (0 under construction) at tick 0

stdout | packages/core/src/systems/__tests__/ConstructionProgress.test.ts > Construction Progress System - Phase 7 > Error Handling per CLAUDE.md > should throw when entity missing PositionComponent
[BuildingSystem] Processing 1 building entities (1 under construction) at tick 0

stdout | packages/core/src/systems/__tests__/ConstructionProgress.test.ts > Construction Progress System - Phase 7 > Error Handling per CLAUDE.md > should throw when building type is unknown
[BuildingSystem] Processing 1 building entities (1 under construction) at tick 0

stdout | packages/core/src/systems/__tests__/ConstructionProgress.test.ts > Construction Progress System - Phase 7 > Edge Cases > should handle construction at exactly 100% progress
[BuildingSystem] Processing 1 building entities (0 under construction) at tick 0

stdout | packages/core/src/systems/__tests__/ConstructionProgress.test.ts > Construction Progress System - Phase 7 > Edge Cases > should handle progress from 99% to 101% (clamped to 100%)
[BuildingSystem] Processing 1 building entities (1 under construction) at tick 0
[BuildingSystem] Construction progress: tent at (0, 0) - 99.0% → 100.0% (deltaTime=1000.000s, buildTime=45s, increase=2222.222%)
[BuildingSystem] 🏗️ Construction complete! tent at (0, 0)
[BuildingSystem] 🎉 building:complete event emitted for entity 37958676

stdout | packages/core/src/systems/__tests__/ConstructionProgress.test.ts > Construction Progress System - Phase 7 > Edge Cases > should handle zero deltaTime
[BuildingSystem] Processing 1 building entities (1 under construction) at tick 0

stdout | packages/core/src/systems/__tests__/ConstructionProgress.test.ts > Construction Progress System - Phase 7 > Integration with Building Types > should use correct buildTime for each building type
[BuildingSystem] Processing 1 building entities (1 under construction) at tick 0
[BuildingSystem] Processing 1 building entities (1 under construction) at tick 0
[BuildingSystem] Processing 1 building entities (1 under construction) at tick 0
[BuildingSystem] Processing 1 building entities (1 under construction) at tick 0
[BuildingSystem] Processing 1 building entities (1 under construction) at tick 0
[BuildingSystem] Processing 1 building entities (1 under construction) at tick 0

 ✓ packages/core/src/systems/__tests__/ConstructionProgress.test.ts  (27 tests) 7ms
stdout | packages/core/src/systems/__tests__/MemoryFormationSystem.test.ts > MemoryFormationSystem > autonomic memory formation > should form memory automatically on significant event
[MemoryFormation] 🧠 Forming memory for agent 0f7812e5-b0ad-4d13-ae96-773abc1bbcf3: {
  eventType: 'harvest:first',
  summary: 'Harvested first wheat',
  emotionalIntensity: 0.8,
  novelty: 1
}

stdout | packages/core/src/systems/__tests__/MemoryFormationSystem.test.ts > MemoryFormationSystem > autonomic memory formation > should form memory on high emotional intensity (>0.6)
[MemoryFormation] 🧠 Forming memory for agent 77d2ce26-d9a9-409c-88ce-6e67ad62ba92: {
  eventType: 'social:conflict',
  summary: 'Had a conflict with bob-123',
  emotionalIntensity: 0.9,
  novelty: 0
}

stdout | packages/core/src/systems/__tests__/MemoryFormationSystem.test.ts > MemoryFormationSystem > autonomic memory formation > should form memory on high novelty
[MemoryFormation] 🧠 Forming memory for agent 0bbbd67a-3318-4081-9609-55d0d575d6c5: {
  eventType: 'discovery:location',
  summary: 'Discovered a new location',
  emotionalIntensity: 0,
  novelty: 1
}

stdout | packages/core/src/systems/__tests__/MemoryFormationSystem.test.ts > MemoryFormationSystem > autonomic memory formation > should form memory on survival threat
[MemoryFormation] 🧠 Forming memory for agent f1bb0857-89e2-4eeb-a7a5-1434eef66867: {
  eventType: 'need:critical',
  summary: 'My health became critically low',
  emotionalIntensity: 0,
  novelty: 0
}

stdout | packages/core/src/systems/__tests__/MemoryFormationSystem.test.ts > MemoryFormationSystem > memory formation triggers > should trigger on emotional intensity > 0.6
[MemoryFormation] 🧠 Forming memory for agent f902766b-7459-4ca9-9ff2-11a1dab52168: {
  eventType: 'agent:emotion_peak',
  summary: 'Felt strong joy',
  emotionalIntensity: 0,
  novelty: 0
}

stdout | packages/core/src/systems/__tests__/MemoryFormationSystem.test.ts > MemoryFormationSystem > memory formation triggers > should trigger on novelty > 0.7
[MemoryFormation] 🧠 Forming memory for agent 0bc24c74-1dcb-468e-9b16-44eb46867676: {
  eventType: 'event:novel',
  summary: 'Experienced something completely new',
  emotionalIntensity: 0,
  novelty: 0.8
}

stdout | packages/core/src/systems/__tests__/MemoryFormationSystem.test.ts > MemoryFormationSystem > memory formation triggers > should trigger on social significance > 0.5
[MemoryFormation] 🧠 Forming memory for agent 4449a6e4-2e8e-4c34-8bf0-a992666250c1: {
  eventType: 'social:interaction',
  summary: 'Interacted with alice-123',
  emotionalIntensity: 0,
  novelty: 0
}

stdout | packages/core/src/systems/__tests__/MemoryFormationSystem.test.ts > MemoryFormationSystem > memory formation triggers > should trigger on survival relevance > 0.5
[MemoryFormation] 🧠 Forming memory for agent ab20fbac-888a-4aba-ae9c-4dc126a1db6a: {
  eventType: 'survival:close_call',
  summary: 'Close call with starvation',
  emotionalIntensity: 0,
  novelty: 0
}

stdout | packages/core/src/systems/__tests__/MemoryFormationSystem.test.ts > MemoryFormationSystem > memory formation triggers > should trigger on goal relevance > 0.7
[MemoryFormation] 🧠 Forming memory for agent 351db542-ca12-446d-b53b-b357013d7a4d: {
  eventType: 'goal:progress',
  summary: 'Made progress on build-house',
  emotionalIntensity: 0,
  novelty: 0
}

stdout | packages/core/src/systems/__tests__/MemoryFormationSystem.test.ts > MemoryFormationSystem > importance calculation > should weight emotional intensity at 30%
[MemoryFormation] 🧠 Forming memory for agent ad6c7c28-fa5f-4c19-a27a-15d124da16c3: {
  eventType: 'test:event',
  summary: 'Test event',
  emotionalIntensity: 1,
  novelty: 0
}

stdout | packages/core/src/systems/__tests__/MemoryFormationSystem.test.ts > MemoryFormationSystem > importance calculation > should weight novelty at 30%
[MemoryFormation] 🧠 Forming memory for agent 7664365d-d1c6-4bab-aef2-9a61d9e3b22a: {
  eventType: 'test:event',
  summary: 'Test event',
  emotionalIntensity: 0,
  novelty: 0.8
}

stdout | packages/core/src/systems/__tests__/MemoryFormationSystem.test.ts > MemoryFormationSystem > importance calculation > should weight goal relevance at 20%
[MemoryFormation] 🧠 Forming memory for agent 6a97a2bf-1fc5-40cf-9e54-629bbcba1f45: {
  eventType: 'test:event',
  summary: 'Test event',
  emotionalIntensity: 0,
  novelty: 0
}

stdout | packages/core/src/systems/__tests__/MemoryFormationSystem.test.ts > MemoryFormationSystem > importance calculation > should weight social significance at 15%
[MemoryFormation] 🧠 Forming memory for agent 2c769504-fe5b-4751-b2a0-a073e9c1de18: {
  eventType: 'test:event',
  summary: 'Test event',
  emotionalIntensity: 0,
  novelty: 0
}

stdout | packages/core/src/systems/__tests__/MemoryFormationSystem.test.ts > MemoryFormationSystem > importance calculation > should weight survival relevance at 25%
[MemoryFormation] 🧠 Forming memory for agent 7ca367e8-6b4e-4e16-856b-2245494b8ad5: {
  eventType: 'test:event',
  summary: 'Test event',
  emotionalIntensity: 0,
  novelty: 0
}

stdout | packages/core/src/systems/__tests__/MemoryFormationSystem.test.ts > MemoryFormationSystem > importance calculation > should combine all factors correctly
[MemoryFormation] 🧠 Forming memory for agent 4a7bb364-8c6b-47f8-a2c3-dc9b7aa9e37e: {
  eventType: 'test:event',
  summary: 'Test event',
  emotionalIntensity: 0.8,
  novelty: 0.85
}

stdout | packages/core/src/systems/__tests__/MemoryFormationSystem.test.ts > MemoryFormationSystem > conversation memory formation > should form memory when agent speaks
[MemoryFormation] 🧠 Forming memory for agent a8ec0985-5134-45b7-8fce-42947dc46020: {
  eventType: 'conversation:utterance',
  summary: 'Experienced conversation:utterance',
  emotionalIntensity: 0,
  novelty: 0
}

stdout | packages/core/src/systems/__tests__/MemoryFormationSystem.test.ts > MemoryFormationSystem > conversation memory formation > should form memory when agent listens
[MemoryFormation] 🧠 Forming memory for agent d8af357a-1f2b-48ff-aeb7-a0dcdca204a7: {
  eventType: 'conversation:utterance',
  summary: 'Experienced conversation:utterance',
  emotionalIntensity: 0,
  novelty: 0
}

stdout | packages/core/src/systems/__tests__/MemoryFormationSystem.test.ts > MemoryFormationSystem > conversation memory formation > should preserve dialogue text in memory
[MemoryFormation] 🧠 Forming memory for agent 334ff8f5-19f3-4265-9a3f-9422fa5239e4: {
  eventType: 'conversation:utterance',
  summary: 'Experienced conversation:utterance',
  emotionalIntensity: 0,
  novelty: 0
}

stdout | packages/core/src/systems/__tests__/MemoryFormationSystem.test.ts > MemoryFormationSystem > conversation memory formation > should reference same conversation in both memories
[MemoryFormation] 🧠 Forming memory for agent 82918c8e-708f-4814-acda-f03fafc02c54: {
  eventType: 'conversation:utterance',
  summary: 'Experienced conversation:utterance',
  emotionalIntensity: 0,
  novelty: 0
}
[MemoryFormation] 🧠 Forming memory for agent df9ec645-9f55-4ca5-80f8-6797b8ca6c1d: {
  eventType: 'conversation:utterance',
  summary: 'Experienced conversation:utterance',
  emotionalIntensity: 0,
  novelty: 0
}

stdout | packages/core/src/systems/__tests__/MemoryFormationSystem.test.ts > MemoryFormationSystem > event emission > should emit memory:formed event when memory created
[MemoryFormation] 🧠 Forming memory for agent 42b5a7c8-de8f-4034-a254-9fa658b5ac82: {
  eventType: 'harvest:first',
  summary: 'Harvested first crop',
  emotionalIntensity: 0.8,
  novelty: 1
}

stdout | packages/core/src/systems/__tests__/MemoryFormationSystem.test.ts > MemoryFormationSystem > event emission > should include agent ID in memory:formed event
[MemoryFormation] 🧠 Forming memory for agent 77e903cd-4aa1-4224-b113-1b8026ca50b9: {
  eventType: 'test:event',
  summary: 'Test event',
  emotionalIntensity: 0.7,
  novelty: 0
}

 ✓ packages/core/src/systems/__tests__/MemoryFormationSystem.test.ts  (25 tests) 9ms
stderr | packages/core/src/systems/__tests__/MemoryFormationSystem.test.ts > MemoryFormationSystem > error handling > should throw if agent has no EpisodicMemoryComponent
[MemoryFormation] Agent 3b87f220-46c3-4cd4-8555-9802804df172 missing EpisodicMemoryComponent
[MemoryFormation] Agent has components: []
[MemoryFormation] Event that triggered memory formation: [
  {
    eventType: 'test:event',
    data: {
      agentId: '3b87f220-46c3-4cd4-8555-9802804df172',
      emotionalIntensity: 0.8
    }
  }
]

 ✓ packages/core/src/components/__tests__/SocialMemoryComponent.test.ts  (22 tests) 5ms
 ✓ packages/core/src/systems/__tests__/Phase9-SoilWeatherIntegration.test.ts  (39 tests) 7ms
 ✓ packages/core/src/buildings/__tests__/BuildingPlacement.integration.test.ts  (14 tests) 8ms
 ✓ packages/core/src/__tests__/WildAnimalSpawning.test.ts  (19 tests) 7ms
stdout | packages/core/src/systems/__tests__/Phase8-WeatherTemperature.test.ts > Phase 8: Weather & Temperature Systems > WeatherSystem > should update weather duration over time
[WeatherSystem] Weather changed: clear → clear (intensity: 0%). Temp modifier: 0.0°C, Movement modifier: 100%

 ✓ packages/core/src/systems/__tests__/Phase8-WeatherTemperature.test.ts  (19 tests) 7ms
 ✓ packages/core/src/systems/__tests__/MemoryConsolidationSystem.test.ts  (21 tests) 7ms
 ✓ packages/core/src/buildings/__tests__/BuildingBlueprintRegistry.test.ts  (16 tests) 6ms
stdout | packages/llm/src/__tests__/OllamaProvider.test.ts > OllamaProvider > Tool Definition > should define all 12 action tools
[OllamaProvider] Response: {
  model: 'qwen3:4b',
  action: 'wander',
  thinking: 'test...',
  speaking: '(silent)',
  tokensUsed: undefined
}

stdout | packages/llm/src/__tests__/OllamaProvider.test.ts > OllamaProvider > Tool Definition > should define tools with no parameters
[OllamaProvider] Response: {
  model: 'qwen3:4b',
  action: '(no action)',
  thinking: '(no thoughts)',
  speaking: '(silent)',
  tokensUsed: undefined
}
[OllamaProvider] No tool call, using text fallback

stderr | packages/llm/src/__tests__/OllamaProvider.test.ts > OllamaProvider > Tool Definition > should define tools with no parameters
[OllamaProvider] Empty response from Ollama: { message: { content: '', tool_calls: [] } }

stdout | packages/llm/src/__tests__/OllamaProvider.test.ts > OllamaProvider > Response Parsing > should parse structured response with tool call
[OllamaProvider] Response: {
  model: 'qwen3:4b',
  action: 'explore',
  thinking: 'I should explore...',
  speaking: 'Let me look around!',
  tokensUsed: 150
}

stdout | packages/llm/src/__tests__/OllamaProvider.test.ts > OllamaProvider > Response Parsing > should handle empty thinking field
[OllamaProvider] Response: {
  model: 'qwen3:4b',
  action: 'rest',
  thinking: '(no thoughts)',
  speaking: 'Time to rest',
  tokensUsed: undefined
}

stdout | packages/llm/src/__tests__/OllamaProvider.test.ts > OllamaProvider > Response Parsing > should handle empty speaking (silent action)
[OllamaProvider] Response: {
  model: 'qwen3:4b',
  action: 'wander',
  thinking: 'Just going to wander...',
  speaking: '(silent)',
  tokensUsed: undefined
}

stdout | packages/llm/src/__tests__/OllamaProvider.test.ts > OllamaProvider > Response Parsing > should fall back to text when no tool call
[OllamaProvider] Response: {
  model: 'qwen3:4b',
  action: '(no action)',
  thinking: '(no thoughts)',
  speaking: 'I will explore the area',
  tokensUsed: undefined
}
[OllamaProvider] No tool call, using text fallback

stdout | packages/llm/src/__tests__/OllamaProvider.test.ts > OllamaProvider > API Configuration > should use /api/chat endpoint
[OllamaProvider] Response: {
  model: 'qwen3:4b',
  action: '(no action)',
  thinking: '(no thoughts)',
  speaking: '(silent)',
  tokensUsed: undefined
}
[OllamaProvider] No tool call, using text fallback

stderr | packages/llm/src/__tests__/OllamaProvider.test.ts > OllamaProvider > API Configuration > should use /api/chat endpoint
[OllamaProvider] Empty response from Ollama: { message: { content: '', tool_calls: [] } }

stdout | packages/llm/src/__tests__/OllamaProvider.test.ts > OllamaProvider > API Configuration > should send correct request format
[OllamaProvider] Response: {
  model: 'qwen3:4b',
  action: '(no action)',
  thinking: '(no thoughts)',
  speaking: '(silent)',
  tokensUsed: undefined
}
[OllamaProvider] No tool call, using text fallback

stderr | packages/llm/src/__tests__/OllamaProvider.test.ts > OllamaProvider > API Configuration > should send correct request format
[OllamaProvider] Empty response from Ollama: { message: { content: '', tool_calls: [] } }

stdout | packages/llm/src/__tests__/OllamaProvider.test.ts > OllamaProvider > API Configuration > should use default values when not specified
[OllamaProvider] Response: {
  model: 'qwen3:4b',
  action: '(no action)',
  thinking: '(no thoughts)',
  speaking: '(silent)',
  tokensUsed: undefined
}
[OllamaProvider] No tool call, using text fallback

stderr | packages/llm/src/__tests__/OllamaProvider.test.ts > OllamaProvider > API Configuration > should use default values when not specified
[OllamaProvider] Empty response from Ollama: { message: { content: '', tool_calls: [] } }

stderr | packages/llm/src/__tests__/OllamaProvider.test.ts > OllamaProvider > Error Handling > should throw on HTTP error
[OllamaProvider] Ollama generate error: Error: Ollama API error: 500 Internal Server Error
    at OllamaProvider.generate (/Users/annhoward/src/ai_village/custom_game_engine/packages/llm/src/OllamaProvider.ts:135:15)
    at /Users/annhoward/src/ai_village/custom_game_engine/packages/llm/src/__tests__/OllamaProvider.test.ts:255:7
    at runTest (file:///Users/annhoward/src/ai_village/custom_game_engine/node_modules/@vitest/runner/dist/index.js:781:11)
    at runSuite (file:///Users/annhoward/src/ai_village/custom_game_engine/node_modules/@vitest/runner/dist/index.js:909:15)
    at runSuite (file:///Users/annhoward/src/ai_village/custom_game_engine/node_modules/@vitest/runner/dist/index.js:909:15)
    at runSuite (file:///Users/annhoward/src/ai_village/custom_game_engine/node_modules/@vitest/runner/dist/index.js:909:15)
    at runFiles (file:///Users/annhoward/src/ai_village/custom_game_engine/node_modules/@vitest/runner/dist/index.js:958:5)
    at startTests (file:///Users/annhoward/src/ai_village/custom_game_engine/node_modules/@vitest/runner/dist/index.js:967:3)
    at file:///Users/annhoward/src/ai_village/custom_game_engine/node_modules/vitest/dist/chunks/runtime-runBaseTests.oAvMKtQC.js:116:7
    at withEnv (file:///Users/annhoward/src/ai_village/custom_game_engine/node_modules/vitest/dist/chunks/runtime-runBaseTests.oAvMKtQC.js:83:5)
[OllamaProvider] Error details: {
  message: 'Ollama API error: 500 Internal Server Error',
  model: 'qwen3:4b',
  url: 'http://localhost:11434/api/generate'
}

stderr | packages/llm/src/__tests__/OllamaProvider.test.ts > OllamaProvider > Error Handling > should throw on network error
[OllamaProvider] Ollama generate error: Error: Network error
    at /Users/annhoward/src/ai_village/custom_game_engine/packages/llm/src/__tests__/OllamaProvider.test.ts:260:51
    at file:///Users/annhoward/src/ai_village/custom_game_engine/node_modules/@vitest/runner/dist/index.js:135:14
    at file:///Users/annhoward/src/ai_village/custom_game_engine/node_modules/@vitest/runner/dist/index.js:60:26
    at runTest (file:///Users/annhoward/src/ai_village/custom_game_engine/node_modules/@vitest/runner/dist/index.js:781:17)
    at runSuite (file:///Users/annhoward/src/ai_village/custom_game_engine/node_modules/@vitest/runner/dist/index.js:909:15)
    at runSuite (file:///Users/annhoward/src/ai_village/custom_game_engine/node_modules/@vitest/runner/dist/index.js:909:15)
    at runSuite (file:///Users/annhoward/src/ai_village/custom_game_engine/node_modules/@vitest/runner/dist/index.js:909:15)
    at runFiles (file:///Users/annhoward/src/ai_village/custom_game_engine/node_modules/@vitest/runner/dist/index.js:958:5)
    at startTests (file:///Users/annhoward/src/ai_village/custom_game_engine/node_modules/@vitest/runner/dist/index.js:967:3)
    at file:///Users/annhoward/src/ai_village/custom_game_engine/node_modules/vitest/dist/chunks/runtime-runBaseTests.oAvMKtQC.js:116:7
[OllamaProvider] Error details: {
  message: 'Network error',
  model: 'qwen3:4b',
  url: 'http://localhost:11434/api/generate'
}

stdout | packages/llm/src/__tests__/OllamaProvider.test.ts > OllamaProvider > Error Handling > should log empty responses
[OllamaProvider] Response: {
  model: 'qwen3:4b',
  action: '(no action)',
  thinking: '(no thoughts)',
  speaking: '(silent)',
  tokensUsed: undefined
}
[OllamaProvider] No tool call, using text fallback

 ✓ packages/llm/src/__tests__/OllamaProvider.test.ts  (15 tests) 10ms
 ✓ packages/core/src/crafting/__tests__/RecipeRegistry.test.ts  (15 tests) 5ms
 ✓ packages/core/src/components/__tests__/BuildingComponent.test.ts  (35 tests) 4ms
 ✓ packages/core/src/systems/__tests__/FertilizerAction.test.ts  (26 tests) 5ms
 ✓ packages/core/src/components/__tests__/InventoryComponent.test.ts  (16 tests) 3ms
 ✓ packages/renderer/src/__tests__/GhostPreview.test.ts  (19 tests) 5ms
 ✓ packages/core/src/systems/__tests__/SoilSystem.test.ts  (27 tests) 5ms
stdout | packages/llm/src/__tests__/StructuredPromptBuilder.test.ts > StructuredPromptBuilder > buildPrompt > should build complete prompt with all sections
[StructuredPromptBuilder] Vision state: {
  seenResources: [],
  seenResourcesCount: 0,
  seenAgents: [],
  seenAgentsCount: 0,
  canSeeResources: undefined
}
[StructuredPromptBuilder] Final available actions: [ 'wander', 'idle', 'till', 'harvest', 'build' ]

stdout | packages/llm/src/__tests__/StructuredPromptBuilder.test.ts > StructuredPromptBuilder > buildPrompt > should include personality traits in prompt
[StructuredPromptBuilder] Vision state: {
  seenResources: [],
  seenResourcesCount: 0,
  seenAgents: [],
  seenAgentsCount: 0,
  canSeeResources: undefined
}
[StructuredPromptBuilder] Final available actions: [ 'wander', 'idle', 'till', 'harvest', 'build' ]

stdout | packages/llm/src/__tests__/StructuredPromptBuilder.test.ts > StructuredPromptBuilder > buildPrompt > should describe hunger levels correctly
[StructuredPromptBuilder] Vision state: {
  seenResources: [],
  seenResourcesCount: 0,
  seenAgents: [],
  seenAgentsCount: 0,
  canSeeResources: undefined
}
[StructuredPromptBuilder] Final available actions: [ 'wander', 'idle', 'till', 'harvest', 'build' ]
[StructuredPromptBuilder] Vision state: {
  seenResources: [],
  seenResourcesCount: 0,
  seenAgents: [],
  seenAgentsCount: 0,
  canSeeResources: undefined
}
[StructuredPromptBuilder] Final available actions: [ 'wander', 'idle', 'till', 'harvest', 'build' ]

stdout | packages/llm/src/__tests__/StructuredPromptBuilder.test.ts > StructuredPromptBuilder > buildPrompt > should describe energy levels correctly
[StructuredPromptBuilder] Vision state: {
  seenResources: [],
  seenResourcesCount: 0,
  seenAgents: [],
  seenAgentsCount: 0,
  canSeeResources: undefined
}
[StructuredPromptBuilder] Final available actions: [ 'wander', 'idle', 'till', 'harvest', 'build' ]
[StructuredPromptBuilder] Vision state: {
  seenResources: [],
  seenResourcesCount: 0,
  seenAgents: [],
  seenAgentsCount: 0,
  canSeeResources: undefined
}
[StructuredPromptBuilder] Final available actions: [ 'wander', 'idle', 'till', 'harvest', 'build' ]

stdout | packages/llm/src/__tests__/StructuredPromptBuilder.test.ts > StructuredPromptBuilder > hearing system integration > should include heard speech in prompt
[StructuredPromptBuilder] Vision state: {
  seenResources: [],
  seenResourcesCount: 0,
  seenAgents: [ 'agent1' ],
  seenAgentsCount: 1,
  canSeeResources: undefined
}
[StructuredPromptBuilder] Final available actions: [
  'wander',
  'idle',
  'till',
  'harvest',
  'talk',
  'follow_agent',
  'build'
]

stdout | packages/llm/src/__tests__/StructuredPromptBuilder.test.ts > StructuredPromptBuilder > hearing system integration > should not show hearing section when no speech
[StructuredPromptBuilder] Vision state: {
  seenResources: [],
  seenResourcesCount: 0,
  seenAgents: [ 'agent1' ],
  seenAgentsCount: 1,
  canSeeResources: undefined
}
[StructuredPromptBuilder] Final available actions: [
  'wander',
  'idle',
  'till',
  'harvest',
  'talk',
  'follow_agent',
  'build'
]

stdout | packages/llm/src/__tests__/StructuredPromptBuilder.test.ts > StructuredPromptBuilder > hearing system integration > should show agents present even if silent
[StructuredPromptBuilder] Vision state: {
  seenResources: [],
  seenResourcesCount: 0,
  seenAgents: [ 'agent1', 'agent2' ],
  seenAgentsCount: 2,
  canSeeResources: undefined
}
[StructuredPromptBuilder] Final available actions: [
  'wander',
  'idle',
  'till',
  'harvest',
  'talk',
  'follow_agent',
  'build'
]

stdout | packages/llm/src/__tests__/StructuredPromptBuilder.test.ts > StructuredPromptBuilder > context collapse > should not show empty memories section
[StructuredPromptBuilder] Vision state: {
  seenResources: [],
  seenResourcesCount: 0,
  seenAgents: [],
  seenAgentsCount: 0,
  canSeeResources: undefined
}
[StructuredPromptBuilder] Final available actions: [ 'wander', 'idle', 'till', 'harvest', 'build' ]

stdout | packages/llm/src/__tests__/StructuredPromptBuilder.test.ts > StructuredPromptBuilder > context collapse > should show memories when present
[StructuredPromptBuilder] Vision state: {
  seenResources: [],
  seenResourcesCount: 0,
  seenAgents: [],
  seenAgentsCount: 0,
  canSeeResources: undefined
}
[StructuredPromptBuilder] Final available actions: [ 'wander', 'idle', 'till', 'harvest', 'build' ]

stdout | packages/llm/src/__tests__/StructuredPromptBuilder.test.ts > StructuredPromptBuilder > context collapse > should show empty area when nothing nearby
[StructuredPromptBuilder] Vision state: {
  seenResources: [],
  seenResourcesCount: 0,
  seenAgents: [],
  seenAgentsCount: 0,
  canSeeResources: undefined
}
[StructuredPromptBuilder] Final available actions: [ 'wander', 'idle', 'till', 'harvest', 'build' ]

stdout | packages/llm/src/__tests__/StructuredPromptBuilder.test.ts > StructuredPromptBuilder > instruction clarity > should include "don't overthink" instruction
[StructuredPromptBuilder] Vision state: {
  seenResources: [],
  seenResourcesCount: 0,
  seenAgents: [],
  seenAgentsCount: 0,
  canSeeResources: undefined
}
[StructuredPromptBuilder] Final available actions: [ 'wander', 'idle', 'till', 'harvest', 'build' ]

stdout | packages/llm/src/__tests__/StructuredPromptBuilder.test.ts > StructuredPromptBuilder > instruction clarity > should end with response prompt
[StructuredPromptBuilder] Vision state: {
  seenResources: [],
  seenResourcesCount: 0,
  seenAgents: [],
  seenAgentsCount: 0,
  canSeeResources: undefined
}
[StructuredPromptBuilder] Final available actions: [ 'wander', 'idle', 'till', 'harvest', 'build' ]

stdout | packages/llm/src/__tests__/StructuredPromptBuilder.test.ts > StructuredPromptBuilder > resource type descriptions > should describe trees when wood resources are visible
[StructuredPromptBuilder] Vision state: {
  seenResources: [ 'tree1', 'tree2' ],
  seenResourcesCount: 2,
  seenAgents: [],
  seenAgentsCount: 0,
  canSeeResources: undefined
}
[StructuredPromptBuilder] Final available actions: [ 'wander', 'idle', 'seek_food', 'gather', 'till', 'harvest', 'build' ]

stdout | packages/llm/src/__tests__/StructuredPromptBuilder.test.ts > StructuredPromptBuilder > resource type descriptions > should describe rocks when stone resources are visible
[StructuredPromptBuilder] Vision state: {
  seenResources: [ 'rock1' ],
  seenResourcesCount: 1,
  seenAgents: [],
  seenAgentsCount: 0,
  canSeeResources: undefined
}
[StructuredPromptBuilder] Final available actions: [ 'wander', 'idle', 'seek_food', 'gather', 'till', 'harvest', 'build' ]

 ✓ packages/core/src/systems/__tests__/SoilDepletion.test.ts  (14 tests) 4ms
stdout | packages/llm/src/__tests__/StructuredPromptBuilder.test.ts > StructuredPromptBuilder > resource type descriptions > should describe mixed resources correctly
[StructuredPromptBuilder] Vision state: {
  seenResources: [ 'tree1', 'rock1', 'food1' ],
  seenResourcesCount: 3,
  seenAgents: [],
  seenAgentsCount: 0,
  canSeeResources: undefined
}
[StructuredPromptBuilder] Final available actions: [ 'wander', 'idle', 'seek_food', 'gather', 'till', 'harvest', 'build' ]

 ✓ packages/llm/src/__tests__/StructuredPromptBuilder.test.ts  (15 tests) 5ms
 ✓ packages/core/src/components/__tests__/SemanticMemoryComponent.test.ts  (18 tests) 6ms
 ✓ packages/core/src/__tests__/AnimalComponent.test.ts  (8 tests) 5ms
 ✓ packages/world/src/chunks/__tests__/Tile.test.ts  (10 tests) 3ms
stdout | packages/core/src/__tests__/PlantSeedProduction.test.ts > PlantSeedProduction Integration > should produce seeds when transitioning vegetative → mature

Test: Plant created - stage=vegetative, seedsProduced=0
Emitting time:day_changed event
[PlantSystem] New day started - will advance all plants by 1 day (total pending: 1 days)
After emit - daySkipCount should be > 0
Calling plantSystem.update with entities: 1
[PlantSystem] Active with 1 plants, accumulated 0.00 game hours
[PlantSystem] Processing 1 skipped day(s) = 24 hours for 1 plants
[PlantSystem] 0484bb0b: Age increased by 1.0000 days (5.00 → 6.00) from 24.00 hours
[PlantSystem] 0484bb0b: Test Plant (vegetative) age=6.0d progress=120% health=100
[PlantSystem] 0484bb0b: test-plant stage vegetative → mature (age=6.0d, health=100)
[PlantSystem] 0484bb0b: Executing 1 transition effect(s) for vegetative → mature
[PlantSystem] 0484bb0b: Plant state before effects - seedsProduced=0, flowerCount=0, fruitCount=0
[PlantSystem] 0484bb0b: Processing effect: produce_seeds
[PlantSystem] 0484bb0b: produce_seeds effect START - plant.seedsProduced=0
[PlantSystem] 0484bb0b: produce_seeds effect EXECUTED - species.seedsPerPlant=10, yieldModifier=1.00, calculated=10, plant.seedsProduced 0 → 10
[PlantSystem] 0484bb0b: All effects complete - seedsProduced=10, flowerCount=0, fruitCount=0
Test: After update - stage=mature, seedsProduced=10

stdout | packages/core/src/__tests__/PlantSeedProduction.test.ts > PlantSeedProduction Integration > should produce MORE seeds when transitioning mature → seeding

Test: Plant created - stage=mature, seedsProduced=10
[PlantSystem] New day started - will advance all plants by 1 day (total pending: 1 days)
[PlantSystem] Active with 1 plants, accumulated 0.00 game hours
[PlantSystem] Processing 1 skipped day(s) = 24 hours for 1 plants
[PlantSystem] 408c5c4e: Age increased by 1.0000 days (10.00 → 11.00) from 24.00 hours
[PlantSystem] 408c5c4e: Test Plant (mature) age=11.0d progress=133% health=100
[PlantSystem] 408c5c4e: test-plant stage mature → seeding (age=11.0d, health=100)
[PlantSystem] 408c5c4e: Executing 2 transition effect(s) for mature → seeding
[PlantSystem] 408c5c4e: Plant state before effects - seedsProduced=10, flowerCount=0, fruitCount=0
[PlantSystem] 408c5c4e: Processing effect: produce_seeds
[PlantSystem] 408c5c4e: produce_seeds effect START - plant.seedsProduced=10
[PlantSystem] 408c5c4e: produce_seeds effect EXECUTED - species.seedsPerPlant=10, yieldModifier=1.00, calculated=10, plant.seedsProduced 10 → 20
[PlantSystem] 408c5c4e: Processing effect: drop_seeds
[PlantSystem] 408c5c4e: disperseSeeds called - plant.seedsProduced=20, count param=undefined
[PlantSystem] 408c5c4e: Dispersing 6 seeds in 3-tile radius
[PlantSystem] 408c5c4e: Dispersed seed at (0.0, -3.0)
[PlantSystem] 408c5c4e: Dispersed seed at (-2.0, -1.0)
[PlantSystem] 408c5c4e: Dispersed seed at (4.0, 0.0)
[PlantSystem] 408c5c4e: Dispersed seed at (0.0, -1.0)
[PlantSystem] 408c5c4e: Placed 4/6 seeds in 3-tile radius (14 remaining)
[PlantSystem] 408c5c4e: All effects complete - seedsProduced=14, flowerCount=0, fruitCount=0
Test: After update - stage=seeding, seedsProduced=14

 ✓ packages/core/src/__tests__/PlantSeedProduction.test.ts  (3 tests) 4ms
stdout | packages/core/src/__tests__/PlantSeedProduction.test.ts > PlantSeedProduction Integration > should produce seeds correctly through full lifecycle vegetative → mature → seeding

Test: Initial - stage=vegetative, seedsProduced=0
[PlantSystem] New day started - will advance all plants by 1 day (total pending: 1 days)
[PlantSystem] Active with 1 plants, accumulated 0.00 game hours
[PlantSystem] Processing 1 skipped day(s) = 24 hours for 1 plants
[PlantSystem] 1e8923ca: Age increased by 1.0000 days (5.00 → 6.00) from 24.00 hours
[PlantSystem] 1e8923ca: Test Plant (vegetative) age=6.0d progress=120% health=100
[PlantSystem] 1e8923ca: test-plant stage vegetative → mature (age=6.0d, health=100)
[PlantSystem] 1e8923ca: Executing 1 transition effect(s) for vegetative → mature
[PlantSystem] 1e8923ca: Plant state before effects - seedsProduced=0, flowerCount=0, fruitCount=0
[PlantSystem] 1e8923ca: Processing effect: produce_seeds
[PlantSystem] 1e8923ca: produce_seeds effect START - plant.seedsProduced=0
[PlantSystem] 1e8923ca: produce_seeds effect EXECUTED - species.seedsPerPlant=10, yieldModifier=1.00, calculated=10, plant.seedsProduced 0 → 10
[PlantSystem] 1e8923ca: All effects complete - seedsProduced=10, flowerCount=0, fruitCount=0
Test: After vegetative → mature - stage=mature, seedsProduced=10
[PlantSystem] New day started - will advance all plants by 1 day (total pending: 1 days)
[PlantSystem] Processing 1 skipped day(s) = 24 hours for 1 plants
[PlantSystem] 1e8923ca: Age increased by 1.0000 days (6.00 → 7.00) from 24.00 hours
[PlantSystem] 1e8923ca: Test Plant (mature) age=7.0d progress=133% health=100
[PlantSystem] 1e8923ca: test-plant stage mature → seeding (age=7.0d, health=100)
[PlantSystem] 1e8923ca: Executing 2 transition effect(s) for mature → seeding
[PlantSystem] 1e8923ca: Plant state before effects - seedsProduced=10, flowerCount=0, fruitCount=0
[PlantSystem] 1e8923ca: Processing effect: produce_seeds
[PlantSystem] 1e8923ca: produce_seeds effect START - plant.seedsProduced=10
[PlantSystem] 1e8923ca: produce_seeds effect EXECUTED - species.seedsPerPlant=10, yieldModifier=1.00, calculated=10, plant.seedsProduced 10 → 20
[PlantSystem] 1e8923ca: Processing effect: drop_seeds
[PlantSystem] 1e8923ca: disperseSeeds called - plant.seedsProduced=20, count param=undefined
[PlantSystem] 1e8923ca: Dispersing 6 seeds in 3-tile radius
[PlantSystem] 1e8923ca: Dispersed seed at (-2.0, -1.0)
[PlantSystem] 1e8923ca: Dispersed seed at (0.0, -2.0)
[PlantSystem] 1e8923ca: Dispersed seed at (-4.0, -1.0)
[PlantSystem] 1e8923ca: Placed 3/6 seeds in 3-tile radius (14 remaining)
[PlantSystem] 1e8923ca: All effects complete - seedsProduced=14, flowerCount=0, fruitCount=0
Test: After mature → seeding - stage=seeding, seedsProduced=14

 ✓ packages/core/src/crafting/__tests__/CraftingSystem.test.ts  (14 tests) 5ms
 ✓ packages/world/src/chunks/__tests__/Chunk.test.ts  (16 tests) 5ms
 ✓ packages/core/src/systems/__tests__/HearingSystem.test.ts  (5 tests) 3ms
 ✓ packages/core/src/systems/__tests__/SleepSystem.test.ts  (17 tests) 2ms
 ✓ packages/world/src/terrain/__tests__/PerlinNoise.test.ts  (10 tests) 5ms
 ✓ packages/core/src/ecs/__tests__/ComponentRegistry.test.ts  (9 tests) 3ms
 ✓ packages/core/src/systems/__tests__/WateringAction.test.ts  (10 tests) 4ms
 ✓ packages/core/src/events/__tests__/EventBus.test.ts  (10 tests) 3ms
 ✓ packages/core/src/actions/__tests__/AgentAction.test.ts  (12 tests) 2ms
 ✓ packages/core/src/ecs/__tests__/Entity.test.ts  (10 tests) 3ms
stdout | packages/llm/src/__tests__/ResponseParser.test.ts > ResponseParser > parseResponse - Structured JSON > should parse valid structured response
[ResponseParser] Structured response: {
  action: 'explore',
  thinking: 'I should explore to find food',
  speaking: 'Time to look around!'
}

stdout | packages/llm/src/__tests__/ResponseParser.test.ts > ResponseParser > parseResponse - Structured JSON > should handle response with no speaking
[ResponseParser] Structured response: {
  action: 'wander',
  thinking: 'Just going to wander',
  speaking: '(silent)'
}

stdout | packages/llm/src/__tests__/ResponseParser.test.ts > ResponseParser > parseResponse - Structured JSON > should parse all 12 valid actions
[ResponseParser] Structured response: { action: 'wander', thinking: 'test', speaking: '(silent)' }
[ResponseParser] Structured response: { action: 'idle', thinking: 'test', speaking: '(silent)' }
[ResponseParser] Structured response: { action: 'seek_food', thinking: 'test', speaking: '(silent)' }
[ResponseParser] Structured response: { action: 'follow_agent', thinking: 'test', speaking: '(silent)' }
[ResponseParser] Structured response: { action: 'talk', thinking: 'test', speaking: '(silent)' }
[ResponseParser] Structured response: { action: 'gather', thinking: 'test', speaking: '(silent)' }
[ResponseParser] Structured response: { action: 'explore', thinking: 'test', speaking: '(silent)' }
[ResponseParser] Structured response: { action: 'approach', thinking: 'test', speaking: '(silent)' }
[ResponseParser] Structured response: { action: 'observe', thinking: 'test', speaking: '(silent)' }
[ResponseParser] Structured response: { action: 'rest', thinking: 'test', speaking: '(silent)' }
[ResponseParser] Structured response: { action: 'work', thinking: 'test', speaking: '(silent)' }
[ResponseParser] Structured response: { action: 'help', thinking: 'test', speaking: '(silent)' }

stdout | packages/llm/src/__tests__/ResponseParser.test.ts > ResponseParser > parseResponse - Text Fallback > should parse plain text with action name
[ResponseParser] Text-based match: explore

stdout | packages/llm/src/__tests__/ResponseParser.test.ts > ResponseParser > parseResponse - Text Fallback > should find action anywhere in text
[ResponseParser] Text-based match: seek_food

stdout | packages/llm/src/__tests__/ResponseParser.test.ts > ResponseParser > parseBehavior - Legacy API > should extract just the action from structured response
[ResponseParser] Structured response: { action: 'talk', thinking: 'test', speaking: 'hello' }

stdout | packages/llm/src/__tests__/ResponseParser.test.ts > ResponseParser > parseBehavior - Legacy API > should work with text response
[ResponseParser] Text-based match: idle

 ✓ packages/world/src/chunks/__tests__/ChunkManager.test.ts  (9 tests) 8ms
 ✓ packages/llm/src/__tests__/ResponseParser.test.ts  (12 tests) 3ms
 ↓ packages/renderer/src/__tests__/BuildingPlacementUI.test.ts  (1 test | 1 skipped)
 ↓ packages/renderer/src/__tests__/AgentInfoPanel-thought-speech.test.ts  (19 tests | 19 skipped)
 ✓ packages/renderer/src/__tests__/CraftingPanelUI.test.ts  (46 tests) 50ms
 ✓ packages/renderer/src/__tests__/AgentInfoPanel-inventory.test.ts  (32 tests) 80ms
stdout | packages/renderer/src/__tests__/AgentInfoPanel-inventory.test.ts > AgentInfoPanel - Inventory Display > Acceptance Criterion 1: Inventory Section Appears > should render inventory section below needs section when agent is selected
[AgentInfoPanel] setSelectedEntity called with: test-agent-12345678

stdout | packages/renderer/src/__tests__/AgentInfoPanel-inventory.test.ts > AgentInfoPanel - Inventory Display > Acceptance Criterion 1: Inventory Section Appears > should render inventory divider line before inventory section
[AgentInfoPanel] setSelectedEntity called with: test-agent-12345678

stdout | packages/renderer/src/__tests__/AgentInfoPanel-inventory.test.ts > AgentInfoPanel - Inventory Display > Acceptance Criterion 1: Inventory Section Appears > should not render inventory section if agent has no inventory component
[AgentInfoPanel] setSelectedEntity called with: test-agent-12345678

stdout | packages/renderer/src/__tests__/AgentInfoPanel-inventory.test.ts > AgentInfoPanel - Inventory Display > Acceptance Criterion 2: Resource Counts Display > should display wood resources with icon and quantity
[AgentInfoPanel] setSelectedEntity called with: test-agent-12345678

stdout | packages/renderer/src/__tests__/AgentInfoPanel-inventory.test.ts > AgentInfoPanel - Inventory Display > Acceptance Criterion 2: Resource Counts Display > should display stone resources with icon and quantity
[AgentInfoPanel] setSelectedEntity called with: test-agent-12345678

stdout | packages/renderer/src/__tests__/AgentInfoPanel-inventory.test.ts > AgentInfoPanel - Inventory Display > Acceptance Criterion 2: Resource Counts Display > should display food resources with icon and quantity
[AgentInfoPanel] setSelectedEntity called with: test-agent-12345678

stdout | packages/renderer/src/__tests__/AgentInfoPanel-inventory.test.ts > AgentInfoPanel - Inventory Display > Acceptance Criterion 2: Resource Counts Display > should display water resources with icon and quantity
[AgentInfoPanel] setSelectedEntity called with: test-agent-12345678

stdout | packages/renderer/src/__tests__/AgentInfoPanel-inventory.test.ts > AgentInfoPanel - Inventory Display > Acceptance Criterion 2: Resource Counts Display > should display all resource types simultaneously
[AgentInfoPanel] setSelectedEntity called with: test-agent-12345678

stdout | packages/renderer/src/__tests__/AgentInfoPanel-inventory.test.ts > AgentInfoPanel - Inventory Display > Acceptance Criterion 2: Resource Counts Display > should not display resources with zero quantity
[AgentInfoPanel] setSelectedEntity called with: test-agent-12345678

stdout | packages/renderer/src/__tests__/AgentInfoPanel-inventory.test.ts > AgentInfoPanel - Inventory Display > Acceptance Criterion 3: Empty Inventory State > should show "(empty)" when inventory has no items
[AgentInfoPanel] setSelectedEntity called with: test-agent-12345678

stdout | packages/renderer/src/__tests__/AgentInfoPanel-inventory.test.ts > AgentInfoPanel - Inventory Display > Acceptance Criterion 3: Empty Inventory State > should show capacity as "Weight: 0/100 Slots: 0/8" when empty
[AgentInfoPanel] setSelectedEntity called with: test-agent-12345678

stdout | packages/renderer/src/__tests__/AgentInfoPanel-inventory.test.ts > AgentInfoPanel - Inventory Display > Acceptance Criterion 4: Capacity Display > should display current weight and max weight
[AgentInfoPanel] setSelectedEntity called with: test-agent-12345678

stdout | packages/renderer/src/__tests__/AgentInfoPanel-inventory.test.ts > AgentInfoPanel - Inventory Display > Acceptance Criterion 4: Capacity Display > should display current slots and max slots
[AgentInfoPanel] setSelectedEntity called with: test-agent-12345678

stdout | packages/renderer/src/__tests__/AgentInfoPanel-inventory.test.ts > AgentInfoPanel - Inventory Display > Acceptance Criterion 4: Capacity Display > should calculate weight correctly for mixed resources
[AgentInfoPanel] setSelectedEntity called with: test-agent-12345678

stdout | packages/renderer/src/__tests__/AgentInfoPanel-inventory.test.ts > AgentInfoPanel - Inventory Display > Acceptance Criterion 5: Capacity Warning Colors > should use white color when weight is below 80%
[AgentInfoPanel] setSelectedEntity called with: test-agent-12345678

stdout | packages/renderer/src/__tests__/AgentInfoPanel-inventory.test.ts > AgentInfoPanel - Inventory Display > Acceptance Criterion 5: Capacity Warning Colors > should use yellow color when weight exceeds 80%
[AgentInfoPanel] setSelectedEntity called with: test-agent-12345678

stdout | packages/renderer/src/__tests__/AgentInfoPanel-inventory.test.ts > AgentInfoPanel - Inventory Display > Acceptance Criterion 5: Capacity Warning Colors > should use red color when weight reaches 100%
[AgentInfoPanel] setSelectedEntity called with: test-agent-12345678

stdout | packages/renderer/src/__tests__/AgentInfoPanel-inventory.test.ts > AgentInfoPanel - Inventory Display > Acceptance Criterion 5: Capacity Warning Colors > should use yellow color when slots exceed 80%
[AgentInfoPanel] setSelectedEntity called with: test-agent-12345678

stdout | packages/renderer/src/__tests__/AgentInfoPanel-inventory.test.ts > AgentInfoPanel - Inventory Display > Acceptance Criterion 5: Capacity Warning Colors > should use red color when slots reach 100%
[AgentInfoPanel] setSelectedEntity called with: test-agent-12345678

stdout | packages/renderer/src/__tests__/AgentInfoPanel-inventory.test.ts > AgentInfoPanel - Inventory Display > Acceptance Criterion 6: Real-time Updates > should reflect inventory changes when entity is re-rendered
[AgentInfoPanel] setSelectedEntity called with: test-agent-12345678

stdout | packages/renderer/src/__tests__/AgentInfoPanel-inventory.test.ts > AgentInfoPanel - Inventory Display > Acceptance Criterion 6: Real-time Updates > should update capacity display when weight changes
[AgentInfoPanel] setSelectedEntity called with: test-agent-12345678

stdout | packages/renderer/src/__tests__/AgentInfoPanel-inventory.test.ts > AgentInfoPanel - Inventory Display > Acceptance Criterion 6: Real-time Updates > should show empty state when all resources are consumed
[AgentInfoPanel] setSelectedEntity called with: test-agent-12345678

stdout | packages/renderer/src/__tests__/AgentInfoPanel-inventory.test.ts > AgentInfoPanel - Inventory Display > Error Handling (per CLAUDE.md) > should throw when inventory.maxWeight is missing
[AgentInfoPanel] setSelectedEntity called with: test-agent-12345678

stdout | packages/renderer/src/__tests__/AgentInfoPanel-inventory.test.ts > AgentInfoPanel - Inventory Display > Error Handling (per CLAUDE.md) > should throw when inventory.maxWeight is undefined
[AgentInfoPanel] setSelectedEntity called with: test-agent-12345678

stdout | packages/renderer/src/__tests__/AgentInfoPanel-inventory.test.ts > AgentInfoPanel - Inventory Display > Error Handling (per CLAUDE.md) > should throw when inventory.slots is not an array
[AgentInfoPanel] setSelectedEntity called with: test-agent-12345678

stdout | packages/renderer/src/__tests__/AgentInfoPanel-inventory.test.ts > AgentInfoPanel - Inventory Display > Error Handling (per CLAUDE.md) > should throw when inventory.slots is null
[AgentInfoPanel] setSelectedEntity called with: test-agent-12345678

stdout | packages/renderer/src/__tests__/AgentInfoPanel-inventory.test.ts > AgentInfoPanel - Inventory Display > Error Handling (per CLAUDE.md) > should throw when inventory.currentWeight is missing
[AgentInfoPanel] setSelectedEntity called with: test-agent-12345678

stdout | packages/renderer/src/__tests__/AgentInfoPanel-inventory.test.ts > AgentInfoPanel - Inventory Display > Error Handling (per CLAUDE.md) > should throw when inventory.maxSlots is missing
[AgentInfoPanel] setSelectedEntity called with: test-agent-12345678

stdout | packages/renderer/src/__tests__/AgentInfoPanel-inventory.test.ts > AgentInfoPanel - Inventory Display > Edge Cases > should handle inventory with only empty slots
[AgentInfoPanel] setSelectedEntity called with: test-agent-12345678

stdout | packages/renderer/src/__tests__/AgentInfoPanel-inventory.test.ts > AgentInfoPanel - Inventory Display > Edge Cases > should handle inventory with partial slots filled
[AgentInfoPanel] setSelectedEntity called with: test-agent-12345678

stdout | packages/renderer/src/__tests__/AgentInfoPanel-inventory.test.ts > AgentInfoPanel - Inventory Display > Edge Cases > should handle very large resource quantities
[AgentInfoPanel] setSelectedEntity called with: test-agent-12345678

stdout | packages/renderer/src/__tests__/AgentInfoPanel-inventory.test.ts > AgentInfoPanel - Inventory Display > Edge Cases > should not overflow panel bounds with many resources
[AgentInfoPanel] setSelectedEntity called with: test-agent-12345678

stderr | packages/renderer/src/__tests__/AgentInfoPanel-inventory.test.ts > AgentInfoPanel - Inventory Display > Edge Cases > should not overflow panel bounds with many resources
[AgentInfoPanel] World not available or missing getEntity method


 Test Files  55 passed | 2 skipped (57)
      Tests  1121 passed | 55 skipped (1176)
   Start at  07:12:53
   Duration  2.09s (transform 1.85s, setup 13.08s, collect 3.25s, tests 444ms, environment 656ms, prepare 3.36s)

